Archive member included to satisfy reference by file (symbol)

C:/ST/STM32CubeIDE_1.15.0/STM32CubeIDE/plugins/com.st.stm32cube.ide.mcu.externaltools.gnu-tools-for-stm32.12.3.rel1.win32_1.0.100.202403111256/tools/bin/../lib/gcc/arm-none-eabi/12.3.1/../../../../arm-none-eabi/lib/thumb/v7e-m+dp/hard\libc_nano.a(libc_a-exit.o)
                              C:/ST/STM32CubeIDE_1.15.0/STM32CubeIDE/plugins/com.st.stm32cube.ide.mcu.externaltools.gnu-tools-for-stm32.12.3.rel1.win32_1.0.100.202403111256/tools/bin/../lib/gcc/arm-none-eabi/12.3.1/../../../../arm-none-eabi/lib/thumb/v7e-m+dp/hard/crt0.o (exit)
C:/ST/STM32CubeIDE_1.15.0/STM32CubeIDE/plugins/com.st.stm32cube.ide.mcu.externaltools.gnu-tools-for-stm32.12.3.rel1.win32_1.0.100.202403111256/tools/bin/../lib/gcc/arm-none-eabi/12.3.1/../../../../arm-none-eabi/lib/thumb/v7e-m+dp/hard\libc_nano.a(libc_a-findfp.o)
                              C:/ST/STM32CubeIDE_1.15.0/STM32CubeIDE/plugins/com.st.stm32cube.ide.mcu.externaltools.gnu-tools-for-stm32.12.3.rel1.win32_1.0.100.202403111256/tools/bin/../lib/gcc/arm-none-eabi/12.3.1/../../../../arm-none-eabi/lib/thumb/v7e-m+dp/hard\libc_nano.a(libc_a-exit.o) (__stdio_exit_handler)
C:/ST/STM32CubeIDE_1.15.0/STM32CubeIDE/plugins/com.st.stm32cube.ide.mcu.externaltools.gnu-tools-for-stm32.12.3.rel1.win32_1.0.100.202403111256/tools/bin/../lib/gcc/arm-none-eabi/12.3.1/../../../../arm-none-eabi/lib/thumb/v7e-m+dp/hard\libc_nano.a(libc_a-fwalk.o)
                              C:/ST/STM32CubeIDE_1.15.0/STM32CubeIDE/plugins/com.st.stm32cube.ide.mcu.externaltools.gnu-tools-for-stm32.12.3.rel1.win32_1.0.100.202403111256/tools/bin/../lib/gcc/arm-none-eabi/12.3.1/../../../../arm-none-eabi/lib/thumb/v7e-m+dp/hard\libc_nano.a(libc_a-findfp.o) (_fwalk_sglue)
C:/ST/STM32CubeIDE_1.15.0/STM32CubeIDE/plugins/com.st.stm32cube.ide.mcu.externaltools.gnu-tools-for-stm32.12.3.rel1.win32_1.0.100.202403111256/tools/bin/../lib/gcc/arm-none-eabi/12.3.1/../../../../arm-none-eabi/lib/thumb/v7e-m+dp/hard\libc_nano.a(libc_a-stdio.o)
                              C:/ST/STM32CubeIDE_1.15.0/STM32CubeIDE/plugins/com.st.stm32cube.ide.mcu.externaltools.gnu-tools-for-stm32.12.3.rel1.win32_1.0.100.202403111256/tools/bin/../lib/gcc/arm-none-eabi/12.3.1/../../../../arm-none-eabi/lib/thumb/v7e-m+dp/hard\libc_nano.a(libc_a-findfp.o) (__sread)
C:/ST/STM32CubeIDE_1.15.0/STM32CubeIDE/plugins/com.st.stm32cube.ide.mcu.externaltools.gnu-tools-for-stm32.12.3.rel1.win32_1.0.100.202403111256/tools/bin/../lib/gcc/arm-none-eabi/12.3.1/../../../../arm-none-eabi/lib/thumb/v7e-m+dp/hard\libc_nano.a(libc_a-memset.o)
                              C:/ST/STM32CubeIDE_1.15.0/STM32CubeIDE/plugins/com.st.stm32cube.ide.mcu.externaltools.gnu-tools-for-stm32.12.3.rel1.win32_1.0.100.202403111256/tools/bin/../lib/gcc/arm-none-eabi/12.3.1/../../../../arm-none-eabi/lib/thumb/v7e-m+dp/hard/crt0.o (memset)
C:/ST/STM32CubeIDE_1.15.0/STM32CubeIDE/plugins/com.st.stm32cube.ide.mcu.externaltools.gnu-tools-for-stm32.12.3.rel1.win32_1.0.100.202403111256/tools/bin/../lib/gcc/arm-none-eabi/12.3.1/../../../../arm-none-eabi/lib/thumb/v7e-m+dp/hard\libc_nano.a(libc_a-closer.o)
                              C:/ST/STM32CubeIDE_1.15.0/STM32CubeIDE/plugins/com.st.stm32cube.ide.mcu.externaltools.gnu-tools-for-stm32.12.3.rel1.win32_1.0.100.202403111256/tools/bin/../lib/gcc/arm-none-eabi/12.3.1/../../../../arm-none-eabi/lib/thumb/v7e-m+dp/hard\libc_nano.a(libc_a-stdio.o) (_close_r)
C:/ST/STM32CubeIDE_1.15.0/STM32CubeIDE/plugins/com.st.stm32cube.ide.mcu.externaltools.gnu-tools-for-stm32.12.3.rel1.win32_1.0.100.202403111256/tools/bin/../lib/gcc/arm-none-eabi/12.3.1/../../../../arm-none-eabi/lib/thumb/v7e-m+dp/hard\libc_nano.a(libc_a-reent.o)
                              C:/ST/STM32CubeIDE_1.15.0/STM32CubeIDE/plugins/com.st.stm32cube.ide.mcu.externaltools.gnu-tools-for-stm32.12.3.rel1.win32_1.0.100.202403111256/tools/bin/../lib/gcc/arm-none-eabi/12.3.1/../../../../arm-none-eabi/lib/thumb/v7e-m+dp/hard\libc_nano.a(libc_a-closer.o) (errno)
C:/ST/STM32CubeIDE_1.15.0/STM32CubeIDE/plugins/com.st.stm32cube.ide.mcu.externaltools.gnu-tools-for-stm32.12.3.rel1.win32_1.0.100.202403111256/tools/bin/../lib/gcc/arm-none-eabi/12.3.1/../../../../arm-none-eabi/lib/thumb/v7e-m+dp/hard\libc_nano.a(libc_a-impure.o)
                              C:/ST/STM32CubeIDE_1.15.0/STM32CubeIDE/plugins/com.st.stm32cube.ide.mcu.externaltools.gnu-tools-for-stm32.12.3.rel1.win32_1.0.100.202403111256/tools/bin/../lib/gcc/arm-none-eabi/12.3.1/../../../../arm-none-eabi/lib/thumb/v7e-m+dp/hard\libc_nano.a(libc_a-reent.o) (_impure_ptr)
C:/ST/STM32CubeIDE_1.15.0/STM32CubeIDE/plugins/com.st.stm32cube.ide.mcu.externaltools.gnu-tools-for-stm32.12.3.rel1.win32_1.0.100.202403111256/tools/bin/../lib/gcc/arm-none-eabi/12.3.1/../../../../arm-none-eabi/lib/thumb/v7e-m+dp/hard\libc_nano.a(libc_a-lseekr.o)
[...]
Memory Configuration

Name             Origin             Length             Attributes
ITCMRAM          0x00000000         0x00010000         xrw
DTCMRAM          0x20000000         0x00020000         xrw
FLASH            0x08000000         0x00100000         xr
RAM_D1           0x24000000         0x00050000         xrw
RAM_D2           0x30000000         0x00008000         xrw
RAM_D3           0x38000000         0x00004000         xrw
*default*        0x00000000         0xffffffff

Linker script and memory map

LOAD C:/ST/STM32CubeIDE_1.15.0/STM32CubeIDE/plugins/com.st.stm32cube.ide.mcu.externaltools.gnu-tools-for-stm32.12.3.rel1.win32_1.0.100.202403111256/tools/bin/../lib/gcc/arm-none-eabi/12.3.1/thumb/v7e-m+dp/hard/crti.o
LOAD C:/ST/STM32CubeIDE_1.15.0/STM32CubeIDE/plugins/com.st.stm32cube.ide.mcu.externaltools.gnu-tools-for-stm32.12.3.rel1.win32_1.0.100.202403111256/tools/bin/../lib/gcc/arm-none-eabi/12.3.1/thumb/v7e-m+dp/hard/crtbegin.o
LOAD C:/ST/STM32CubeIDE_1.15.0/STM32CubeIDE/plugins/com.st.stm32cube.ide.mcu.externaltools.gnu-tools-for-stm32.12.3.rel1.win32_1.0.100.202403111256/tools/bin/../lib/gcc/arm-none-eabi/12.3.1/../../../../arm-none-eabi/lib/thumb/v7e-m+dp/hard/crt0.o
LOAD ./Core/Source_Jakub/main_app.o
LOAD ./Core/Source_Jakub/printMsg.o
LOAD ./Core/Source_Jakub/printMsgTask.o
LOAD ./Core/Src/eth.o
LOAD ./Core/Src/freertos.o
LOAD ./Core/Src/gpio.o
LOAD ./Core/Src/main.o
LOAD ./Core/Src/stm32h7xx_hal_msp.o
LOAD ./Core/Src/stm32h7xx_hal_timebase_tim.o
LOAD ./Core/Src/stm32h7xx_it.o
LOAD ./Core/Src/syscalls.o
LOAD ./Core/Src/sysmem.o
LOAD ./Core/Src/system_stm32h7xx.o
LOAD ./Core/Src/usart.o
LOAD ./Core/Src/usb_otg.o
LOAD ./Core/Startup/startup_stm32h723zgtx.o
LOAD ./Drivers/STM32H7xx_HAL_Driver/Src/stm32h7xx_hal.o
LOAD ./Drivers/STM32H7xx_HAL_Driver/Src/stm32h7xx_hal_cortex.o
LOAD ./Drivers/STM32H7xx_HAL_Driver/Src/stm32h7xx_hal_dma.o
LOAD ./Drivers/STM32H7xx_HAL_Driver/Src/stm32h7xx_hal_dma_ex.o
LOAD ./Drivers/STM32H7xx_HAL_Driver/Src/stm32h7xx_hal_eth.o
LOAD ./Drivers/STM32H7xx_HAL_Driver/Src/stm32h7xx_hal_eth_ex.o
LOAD ./Drivers/STM32H7xx_HAL_Driver/Src/stm32h7xx_hal_exti.o
LOAD ./Drivers/STM32H7xx_HAL_Driver/Src/stm32h7xx_hal_flash.o
LOAD ./Drivers/STM32H7xx_HAL_Driver/Src/stm32h7xx_hal_flash_ex.o
LOAD ./Drivers/STM32H7xx_HAL_Driver/Src/stm32h7xx_hal_gpio.o
LOAD ./Drivers/STM32H7xx_HAL_Driver/Src/stm32h7xx_hal_hsem.o
LOAD ./Drivers/STM32H7xx_HAL_Driver/Src/stm32h7xx_hal_i2c.o
LOAD ./Drivers/STM32H7xx_HAL_Driver/Src/stm32h7xx_hal_i2c_ex.o
LOAD ./Drivers/STM32H7xx_HAL_Driver/Src/stm32h7xx_hal_mdma.o
LOAD ./Drivers/STM32H7xx_HAL_Driver/Src/stm32h7xx_hal_pwr.o
LOAD ./Drivers/STM32H7xx_HAL_Driver/Src/stm32h7xx_hal_pwr_ex.o
LOAD ./Drivers/STM32H7xx_HAL_Driver/Src/stm32h7xx_hal_rcc.o
LOAD ./Drivers/STM32H7xx_HAL_Driver/Src/stm32h7xx_hal_rcc_ex.o
LOAD ./Drivers/STM32H7xx_HAL_Driver/Src/stm32h7xx_hal_tim.o
LOAD ./Drivers/STM32H7xx_HAL_Driver/Src/stm32h7xx_hal_tim_ex.o
LOAD ./Drivers/STM32H7xx_HAL_Driver/Src/stm32h7xx_hal_uart.o
LOAD ./Drivers/STM32H7xx_HAL_Driver/Src/stm32h7xx_hal_uart_ex.o
LOAD ./Middlewares/Third_Party/FreeRTOS/Source/CMSIS_RTOS_V2/cmsis_os2.o
LOAD ./Middlewares/Third_Party/FreeRTOS/Source/croutine.o
LOAD ./Middlewares/Third_Party/FreeRTOS/Source/event_groups.o
LOAD ./Middlewares/Third_Party/FreeRTOS/Source/list.o
LOAD ./Middlewares/Third_Party/FreeRTOS/Source/queue.o
LOAD ./Middlewares/Third_Party/FreeRTOS/Source/stream_buffer.o
LOAD ./Middlewares/Third_Party/FreeRTOS/Source/tasks.o
LOAD ./Middlewares/Third_Party/FreeRTOS/Source/timers.o
LOAD ./Middlewares/Third_Party/FreeRTOS/Source/portable/GCC/ARM_CM4F/port.o
LOAD ./Middlewares/Third_Party/FreeRTOS/Source/portable/MemMang/heap_4.o
START GROUP
LOAD C:/ST/STM32CubeIDE_1.15.0/STM32CubeIDE/plugins/com.st.stm32cube.ide.mcu.externaltools.gnu-tools-for-stm32.12.3.rel1.win32_1.0.100.202403111256/tools/bin/../lib/gcc/arm-none-eabi/12.3.1/../../../../arm-none-eabi/lib/thumb/v7e-m+dp/hard\libc_nano.a
LOAD C:/ST/STM32CubeIDE_1.15.0/STM32CubeIDE/plugins/com.st.stm32cube.ide.mcu.externaltools.gnu-tools-for-stm32.12.3.rel1.win32_1.0.100.202403111256/tools/bin/../lib/gcc/arm-none-eabi/12.3.1/../../../../arm-none-eabi/lib/thumb/v7e-m+dp/hard\libm.a
END GROUP
START GROUP
LOAD C:/ST/STM32CubeIDE_1.15.0/STM32CubeIDE/plugins/com.st.stm32cube.ide.mcu.externaltools.gnu-tools-for-stm32.12.3.rel1.win32_1.0.100.202403111256/tools/bin/../lib/gcc/arm-none-eabi/12.3.1/thumb/v7e-m+dp/hard\libgcc.a
LOAD C:/ST/STM32CubeIDE_1.15.0/STM32CubeIDE/plugins/com.st.stm32cube.ide.mcu.externaltools.gnu-tools-for-stm32.12.3.rel1.win32_1.0.100.202403111256/tools/bin/../lib/gcc/arm-none-eabi/12.3.1/../../../../arm-none-eabi/lib/thumb/v7e-m+dp/hard\libc_nano.a
END GROUP
START GROUP
LOAD C:/ST/STM32CubeIDE_1.15.0/STM32CubeIDE/plugins/com.st.stm32cube.ide.mcu.externaltools.gnu-tools-for-stm32.12.3.rel1.win32_1.0.100.202403111256/tools/bin/../lib/gcc/arm-none-eabi/12.3.1/thumb/v7e-m+dp/hard\libgcc.a
LOAD C:/ST/STM32CubeIDE_1.15.0/STM32CubeIDE/plugins/com.st.stm32cube.ide.mcu.externaltools.gnu-tools-for-stm32.12.3.rel1.win32_1.0.100.202403111256/tools/bin/../lib/gcc/arm-none-eabi/12.3.1/../../../../arm-none-eabi/lib/thumb/v7e-m+dp/hard\libc_nano.a
LOAD C:/ST/STM32CubeIDE_1.15.0/STM32CubeIDE/plugins/com.st.stm32cube.ide.mcu.externaltools.gnu-tools-for-stm32.12.3.rel1.win32_1.0.100.202403111256/tools/bin/../lib/gcc/arm-none-eabi/12.3.1/../../../../arm-none-eabi/lib/thumb/v7e-m+dp/hard\libnosys.a
END GROUP
START GROUP
LOAD C:/ST/STM32CubeIDE_1.15.0/STM32CubeIDE/plugins/com.st.stm32cube.ide.mcu.externaltools.gnu-tools-for-stm32.12.3.rel1.win32_1.0.100.202403111256/tools/bin/../lib/gcc/arm-none-eabi/12.3.1/thumb/v7e-m+dp/hard\libgcc.a
LOAD C:/ST/STM32CubeIDE_1.15.0/STM32CubeIDE/plugins/com.st.stm32cube.ide.mcu.externaltools.gnu-tools-for-stm32.12.3.rel1.win32_1.0.100.202403111256/tools/bin/../lib/gcc/arm-none-eabi/12.3.1/../../../../arm-none-eabi/lib/thumb/v7e-m+dp/hard\libc_nano.a
LOAD C:/ST/STM32CubeIDE_1.15.0/STM32CubeIDE/plugins/com.st.stm32cube.ide.mcu.externaltools.gnu-tools-for-stm32.12.3.rel1.win32_1.0.100.202403111256/tools/bin/../lib/gcc/arm-none-eabi/12.3.1/../../../../arm-none-eabi/lib/thumb/v7e-m+dp/hard\libnosys.a
END GROUP
LOAD C:/ST/STM32CubeIDE_1.15.0/STM32CubeIDE/plugins/com.st.stm32cube.ide.mcu.externaltools.gnu-tools-for-stm32.12.3.rel1.win32_1.0.100.202403111256/tools/bin/../lib/gcc/arm-none-eabi/12.3.1/thumb/v7e-m+dp/hard/crtend.o
LOAD C:/ST/STM32CubeIDE_1.15.0/STM32CubeIDE/plugins/com.st.stm32cube.ide.mcu.externaltools.gnu-tools-for-stm32.12.3.rel1.win32_1.0.100.202403111256/tools/bin/../lib/gcc/arm-none-eabi/12.3.1/thumb/v7e-m+dp/hard/crtn.o
                0x24050000                        _estack = (ORIGIN (RAM_D1) + LENGTH (RAM_D1))
                0x00000200                        _Min_Heap_Size = 0x200
                0x00000400                        _Min_Stack_Size = 0x400

.isr_vector     0x08000000      0x2cc
                0x08000000                        . = ALIGN (0x4)
 *(.isr_vector)
 .isr_vector    0x08000000      0x2cc ./Core/Startup/startup_stm32h723zgtx.o
                0x08000000                g_pfnVectors
                0x080002cc                        . = ALIGN (0x4)

.text           0x080002d0     0x8f34
                0x080002d0                        . = ALIGN (0x4)
 *(.text)
 .text          0x080002d0       0x40 C:/ST/STM32CubeIDE_1.15.0/STM32CubeIDE/plugins/com.st.stm32cube.ide.mcu.externaltools.gnu-tools-for-stm32.12.3.rel1.win32_1.0.100.202403111256/tools/bin/../lib/gcc/arm-none-eabi/12.3.1/thumb/v7e-m+dp/hard/crtbegin.o
 .text          0x08000310       0x10 C:/ST/STM32CubeIDE_1.15.0/STM32CubeIDE/plugins/com.st.stm32cube.ide.mcu.externaltools.gnu-tools-for-stm32.12.3.rel1.win32_1.0.100.202403111256/tools/bin/../lib/gcc/arm-none-eabi/12.3.1/../../../../arm-none-eabi/lib/thumb/v7e-m+dp/hard\libc_nano.a(libc_a-strlen.o)
                0x08000310                strlen
 .text          0x08000320       0x30 C:/ST/STM32CubeIDE_1.15.0/STM32CubeIDE/plugins/com.st.stm32cube.ide.mcu.externaltools.gnu-tools-for-stm32.12.3.rel1.win32_1.0.100.202403111256/tools/bin/../lib/gcc/arm-none-eabi/12.3.1/thumb/v7e-m+dp/hard\libgcc.a(_aeabi_uldivmod.o)
                0x08000320                __aeabi_uldivmod
 .text          0x08000350      0x2bc C:/ST/STM32CubeIDE_1.15.0/STM32CubeIDE/plugins/com.st.stm32cube.ide.mcu.externaltools.gnu-tools-for-stm32.12.3.rel1.win32_1.0.100.202403111256/tools/bin/../lib/gcc/arm-none-eabi/12.3.1/thumb/v7e-m+dp/hard\libgcc.a(_udivmoddi4.o)
                0x08000350                __udivmoddi4
 .text          0x0800060c        0x4 C:/ST/STM32CubeIDE_1.15.0/STM32CubeIDE/plugins/com.st.stm32cube.ide.mcu.externaltools.gnu-tools-for-stm32.12.3.rel1.win32_1.0.100.202403111256/tools/bin/../lib/gcc/arm-none-eabi/12.3.1/thumb/v7e-m+dp/hard\libgcc.a(_dvmd_tls.o)
                0x0800060c                __aeabi_idiv0
                0x0800060c                __aeabi_ldiv0
 *(.text*)
 .text.main_app
                0x08000610       0x34 ./Core/Source_Jakub/main_app.o
                0x08000610                main_app
 .text.printMsg
                0x08000644       0x3c ./Core/Source_Jakub/printMsg.o
                0x08000644                printMsg
 .text.printMsgTask
                0x08000680       0x2c ./Core/Source_Jakub/printMsgTask.o
                0x08000680                printMsgTask
 .text.MX_ETH_Init
                0x080006ac       0x98 ./Core/Src/eth.o
                0x080006ac                MX_ETH_Init
 .text.HAL_ETH_MspInit
                0x08000744      0x19c ./Core/Src/eth.o
                0x08000744                HAL_ETH_MspInit
 .text.MX_FREERTOS_Init
                0x080008e0       0x24 ./Core/Src/freertos.o
                0x080008e0                MX_FREERTOS_Init
 .text.StartDefaultTask
                0x08000904       0x10 ./Core/Src/freertos.o
                0x08000904                StartDefaultTask
 .text.MX_GPIO_Init
                0x08000914      0x1f8 ./Core/Src/gpio.o
                0x08000914                MX_GPIO_Init
 .text.main     0x08000b0c       0x30 ./Core/Src/main.o
                0x08000b0c                main
 .text.SystemClock_Config
                0x08000b3c       0xe0 ./Core/Src/main.o
                0x08000b3c                SystemClock_Config
 .text.HAL_TIM_PeriodElapsedCallback
                0x08000c1c       0x24 ./Core/Src/main.o
                0x08000c1c                HAL_TIM_PeriodElapsedCallback
 .text.Error_Handler
                0x08000c40        0xc ./Core/Src/main.o
                0x08000c40                Error_Handler
 .text.HAL_MspInit
                0x08000c4c       0x3c ./Core/Src/stm32h7xx_hal_msp.o
                0x08000c4c                HAL_MspInit
 .text.HAL_InitTick
                0x08000c88       0xd8 ./Core/Src/stm32h7xx_hal_timebase_tim.o
                0x08000c88                HAL_InitTick
 .text.NMI_Handler
                0x08000d60        0x8 ./Core/Src/stm32h7xx_it.o
                0x08000d60                NMI_Handler
 .text.HardFault_Handler
                0x08000d68        0x8 ./Core/Src/stm32h7xx_it.o
                0x08000d68                HardFault_Handler
 .text.MemManage_Handler
                0x08000d70        0x8 ./Core/Src/stm32h7xx_it.o
                0x08000d70                MemManage_Handler
 .text.BusFault_Handler
                0x08000d78        0x8 ./Core/Src/stm32h7xx_it.o
                0x08000d78                BusFault_Handler
 .text.UsageFault_Handler
                0x08000d80        0x8 ./Core/Src/stm32h7xx_it.o
                0x08000d80                UsageFault_Handler
 .text.DebugMon_Handler
                0x08000d88        0xe ./Core/Src/stm32h7xx_it.o
                0x08000d88                DebugMon_Handler
 *fill*         0x08000d96        0x2 
 .text.TIM6_DAC_IRQHandler
                0x08000d98       0x14 ./Core/Src/stm32h7xx_it.o
                0x08000d98                TIM6_DAC_IRQHandler
 .text.SystemInit
                0x08000dac       0xf0 ./Core/Src/system_stm32h7xx.o
                0x08000dac                SystemInit
 .text.MX_USART3_UART_Init
                0x08000e9c       0x98 ./Core/Src/usart.o
                0x08000e9c                MX_USART3_UART_Init
 .text.HAL_UART_MspInit
                0x08000f34       0xd4 ./Core/Src/usart.o
                0x08000f34                HAL_UART_MspInit
 .text.MX_USB_OTG_HS_USB_Init
                0x08001008        0xe ./Core/Src/usb_otg.o
                0x08001008                MX_USB_OTG_HS_USB_Init
 *fill*         0x08001016        0x2 
 .text.Reset_Handler
                0x08001018       0x50 ./Core/Startup/startup_stm32h723zgtx.o
                0x08001018                Reset_Handler
 .text.Default_Handler
                0x08001068        0x2 ./Core/Startup/startup_stm32h723zgtx.o
                0x08001068                RTC_Alarm_IRQHandler
                0x08001068                EXTI2_IRQHandler
                0x08001068                TIM8_CC_IRQHandler
                0x08001068                UART8_IRQHandler
                0x08001068                SPI4_IRQHandler
                0x08001068                FDCAN3_IT0_IRQHandler
                0x08001068                TIM1_CC_IRQHandler
                0x08001068                BDMA_Channel6_IRQHandler
                0x08001068                DMA2_Stream5_IRQHandler
                0x08001068                DMA1_Stream5_IRQHandler
                0x08001068                CORDIC_IRQHandler
                0x08001068                BDMA_Channel1_IRQHandler
                0x08001068                TAMP_STAMP_IRQHandler
                0x08001068                EXTI3_IRQHandler
                0x08001068                LPTIM4_IRQHandler
                0x08001068                TIM8_TRG_COM_TIM14_IRQHandler
                0x08001068                LPTIM2_IRQHandler
                0x08001068                DFSDM1_FLT1_IRQHandler
                0x08001068                DMAMUX2_OVR_IRQHandler
                0x08001068                TIM8_UP_TIM13_IRQHandler
                0x08001068                I2C3_ER_IRQHandler
                0x08001068                DFSDM1_FLT2_IRQHandler
                0x08001068                I2C5_EV_IRQHandler
                0x08001068                USART10_IRQHandler
                0x08001068                MDMA_IRQHandler
                0x08001068                LPTIM3_IRQHandler
                0x08001068                HSEM1_IRQHandler
                0x08001068                EXTI0_IRQHandler
                0x08001068                I2C2_EV_IRQHandler
                0x08001068                DMA1_Stream2_IRQHandler
                0x08001068                FPU_IRQHandler
                0x08001068                OTG_HS_WKUP_IRQHandler
                0x08001068                FDCAN1_IT1_IRQHandler
                0x08001068                LTDC_ER_IRQHandler
                0x08001068                DMA2_Stream2_IRQHandler
                0x08001068                SPI1_IRQHandler
                0x08001068                OCTOSPI1_IRQHandler
                0x08001068                DMA2_Stream3_IRQHandler
                0x08001068                OCTOSPI2_IRQHandler
                0x08001068                DFSDM1_FLT3_IRQHandler
                0x08001068                TIM23_IRQHandler
                0x08001068                USART6_IRQHandler
                0x08001068                TIM17_IRQHandler
                0x08001068                USART3_IRQHandler
                0x08001068                BDMA_Channel7_IRQHandler
                0x08001068                LPTIM5_IRQHandler
                0x08001068                UART5_IRQHandler
                0x08001068                ADC3_IRQHandler
                0x08001068                DMA2_Stream0_IRQHandler
                0x08001068                TIM4_IRQHandler
                0x08001068                BDMA_Channel2_IRQHandler
                0x08001068                I2C1_EV_IRQHandler
                0x08001068                DMA1_Stream6_IRQHandler
                0x08001068                DMAMUX1_OVR_IRQHandler
                0x08001068                DMA1_Stream1_IRQHandler
                0x08001068                TIM16_IRQHandler
                0x08001068                UART4_IRQHandler
                0x08001068                BDMA_Channel5_IRQHandler
                0x08001068                TIM3_IRQHandler
                0x08001068                RCC_IRQHandler
                0x08001068                UART9_IRQHandler
                0x08001068                TIM8_BRK_TIM12_IRQHandler
                0x08001068                TIM1_TRG_COM_IRQHandler
                0x08001068                Default_Handler
                0x08001068                ECC_IRQHandler
                0x08001068                FMAC_IRQHandler
                0x08001068                CEC_IRQHandler
                0x08001068                EXTI15_10_IRQHandler
                0x08001068                BDMA_Channel0_IRQHandler
                0x08001068                ADC_IRQHandler
                0x08001068                I2C5_ER_IRQHandler
                0x08001068                DMA1_Stream7_IRQHandler
                0x08001068                SPI5_IRQHandler
                0x08001068                TIM7_IRQHandler
                0x08001068                FDCAN3_IT1_IRQHandler
                0x08001068                SDMMC1_IRQHandler
                0x08001068                TIM5_IRQHandler
                0x08001068                DMA2_Stream7_IRQHandler
                0x08001068                TIM15_IRQHandler
                0x08001068                PVD_AVD_IRQHandler
                0x08001068                I2C3_EV_IRQHandler
                0x08001068                EXTI9_5_IRQHandler
                0x08001068                RTC_WKUP_IRQHandler
                0x08001068                LTDC_IRQHandler
                0x08001068                ETH_WKUP_IRQHandler
                0x08001068                SPDIF_RX_IRQHandler
                0x08001068                SPI2_IRQHandler
                0x08001068                OTG_HS_EP1_IN_IRQHandler
                0x08001068                DMA1_Stream0_IRQHandler
                0x08001068                TIM24_IRQHandler
                0x08001068                CRS_IRQHandler
                0x08001068                EXTI4_IRQHandler
                0x08001068                RNG_IRQHandler
                0x08001068                FDCAN2_IT1_IRQHandler
                0x08001068                ETH_IRQHandler
                0x08001068                TIM1_UP_IRQHandler
                0x08001068                BDMA_Channel4_IRQHandler
                0x08001068                OTG_HS_EP1_OUT_IRQHandler
                0x08001068                WWDG_IRQHandler
                0x08001068                SPI6_IRQHandler
                0x08001068                MDIOS_IRQHandler
                0x08001068                I2C4_EV_IRQHandler
                0x08001068                FDCAN2_IT0_IRQHandler
                0x08001068                LPUART1_IRQHandler
                0x08001068                FDCAN1_IT0_IRQHandler
                0x08001068                TIM2_IRQHandler
                0x08001068                OTG_HS_IRQHandler
                0x08001068                DMA2D_IRQHandler
                0x08001068                TIM1_BRK_IRQHandler
                0x08001068                EXTI1_IRQHandler
                0x08001068                SDMMC2_IRQHandler
                0x08001068                BDMA_Channel3_IRQHandler
                0x08001068                DTS_IRQHandler
                0x08001068                UART7_IRQHandler
                0x08001068                MDIOS_WKUP_IRQHandler
                0x08001068                USART2_IRQHandler
                0x08001068                DFSDM1_FLT0_IRQHandler
                0x08001068                SAI4_IRQHandler
                0x08001068                I2C2_ER_IRQHandler
                0x08001068                DMA2_Stream1_IRQHandler
                0x08001068                FLASH_IRQHandler
                0x08001068                DMA2_Stream4_IRQHandler
                0x08001068                USART1_IRQHandler
                0x08001068                SPI3_IRQHandler
                0x08001068                WAKEUP_PIN_IRQHandler
                0x08001068                DMA1_Stream4_IRQHandler
                0x08001068                I2C1_ER_IRQHandler
                0x08001068                FMC_IRQHandler
                0x08001068                FDCAN_CAL_IRQHandler
                0x08001068                SWPMI1_IRQHandler
                0x08001068                COMP1_IRQHandler
                0x08001068                LPTIM1_IRQHandler
                0x08001068                DCMI_PSSI_IRQHandler
                0x08001068                I2C4_ER_IRQHandler
                0x08001068                DMA2_Stream6_IRQHandler
                0x08001068                SAI1_IRQHandler
                0x08001068                DMA1_Stream3_IRQHandler
 *fill*         0x0800106a        0x2 
 .text.HAL_Init
                0x0800106c       0x78 ./Drivers/STM32H7xx_HAL_Driver/Src/stm32h7xx_hal.o
                0x0800106c                HAL_Init
 .text.HAL_IncTick
                0x080010e4       0x28 ./Drivers/STM32H7xx_HAL_Driver/Src/stm32h7xx_hal.o
                0x080010e4                HAL_IncTick
 .text.HAL_GetTick
                0x0800110c       0x18 ./Drivers/STM32H7xx_HAL_Driver/Src/stm32h7xx_hal.o
                0x0800110c                HAL_GetTick
 .text.HAL_SYSCFG_ETHInterfaceSelect
                0x08001124       0x28 ./Drivers/STM32H7xx_HAL_Driver/Src/stm32h7xx_hal.o
                0x08001124                HAL_SYSCFG_ETHInterfaceSelect
 .text.__NVIC_SetPriorityGrouping
                0x0800114c       0x48 ./Drivers/STM32H7xx_HAL_Driver/Src/stm32h7xx_hal_cortex.o
 .text.__NVIC_GetPriorityGrouping
                0x08001194       0x1c ./Drivers/STM32H7xx_HAL_Driver/Src/stm32h7xx_hal_cortex.o
 .text.__NVIC_EnableIRQ
                0x080011b0       0x3c ./Drivers/STM32H7xx_HAL_Driver/Src/stm32h7xx_hal_cortex.o
 .text.__NVIC_SetPriority
                0x080011ec       0x54 ./Drivers/STM32H7xx_HAL_Driver/Src/stm32h7xx_hal_cortex.o
 .text.NVIC_EncodePriority
                0x08001240       0x66 ./Drivers/STM32H7xx_HAL_Driver/Src/stm32h7xx_hal_cortex.o
 .text.HAL_NVIC_SetPriorityGrouping
                0x080012a6       0x16 ./Drivers/STM32H7xx_HAL_Driver/Src/stm32h7xx_hal_cortex.o
                0x080012a6                HAL_NVIC_SetPriorityGrouping
 .text.HAL_NVIC_SetPriority
                0x080012bc       0x34 ./Drivers/STM32H7xx_HAL_Driver/Src/stm32h7xx_hal_cortex.o
                0x080012bc                HAL_NVIC_SetPriority
 .text.HAL_NVIC_EnableIRQ
                0x080012f0       0x1c ./Drivers/STM32H7xx_HAL_Driver/Src/stm32h7xx_hal_cortex.o
                0x080012f0                HAL_NVIC_EnableIRQ
 .text.HAL_ETH_Init
                0x0800130c      0x1fc ./Drivers/STM32H7xx_HAL_Driver/Src/stm32h7xx_hal_eth.o
                0x0800130c                HAL_ETH_Init
 .text.HAL_ETH_SetMDIOClockRange
                0x08001508       0xa0 ./Drivers/STM32H7xx_HAL_Driver/Src/stm32h7xx_hal_eth.o
                0x08001508                HAL_ETH_SetMDIOClockRange
 .text.ETH_SetMACConfig
                0x080015a8      0x238 ./Drivers/STM32H7xx_HAL_Driver/Src/stm32h7xx_hal_eth.o
 .text.ETH_SetDMAConfig
                0x080017e0      0x10c ./Drivers/STM32H7xx_HAL_Driver/Src/stm32h7xx_hal_eth.o
 .text.ETH_MACDMAConfig
                0x080018ec      0x13a ./Drivers/STM32H7xx_HAL_Driver/Src/stm32h7xx_hal_eth.o
 .text.ETH_DMATxDescListInit
                0x08001a26       0x92 ./Drivers/STM32H7xx_HAL_Driver/Src/stm32h7xx_hal_eth.o
 .text.ETH_DMARxDescListInit
                0x08001ab8       0xba ./Drivers/STM32H7xx_HAL_Driver/Src/stm32h7xx_hal_eth.o
 *fill*         0x08001b72        0x2 
 .text.HAL_GPIO_Init
                0x08001b74      0x350 ./Drivers/STM32H7xx_HAL_Driver/Src/stm32h7xx_hal_gpio.o
                0x08001b74                HAL_GPIO_Init
 .text.HAL_GPIO_WritePin
                0x08001ec4       0x32 ./Drivers/STM32H7xx_HAL_Driver/Src/stm32h7xx_hal_gpio.o
                0x08001ec4                HAL_GPIO_WritePin
 *fill*         0x08001ef6        0x2 
 .text.HAL_PWREx_ConfigSupply
                0x08001ef8       0x74 ./Drivers/STM32H7xx_HAL_Driver/Src/stm32h7xx_hal_pwr_ex.o
                0x08001ef8                HAL_PWREx_ConfigSupply
 .text.HAL_RCC_OscConfig
                0x08001f6c      0x7b4 ./Drivers/STM32H7xx_HAL_Driver/Src/stm32h7xx_hal_rcc.o
                0x08001f6c                HAL_RCC_OscConfig
 .text.HAL_RCC_ClockConfig
                0x08002720      0x36c ./Drivers/STM32H7xx_HAL_Driver/Src/stm32h7xx_hal_rcc.o
                0x08002720                HAL_RCC_ClockConfig
 .text.HAL_RCC_GetSysClockFreq
                0x08002a8c      0x2f4 ./Drivers/STM32H7xx_HAL_Driver/Src/stm32h7xx_hal_rcc.o
                0x08002a8c                HAL_RCC_GetSysClockFreq
 .text.HAL_RCC_GetHCLKFreq
                0x08002d80       0x60 ./Drivers/STM32H7xx_HAL_Driver/Src/stm32h7xx_hal_rcc.o
                0x08002d80                HAL_RCC_GetHCLKFreq
 .text.HAL_RCC_GetPCLK1Freq
                0x08002de0       0x2c ./Drivers/STM32H7xx_HAL_Driver/Src/stm32h7xx_hal_rcc.o
                0x08002de0                HAL_RCC_GetPCLK1Freq
 .text.HAL_RCC_GetPCLK2Freq
                0x08002e0c       0x2c ./Drivers/STM32H7xx_HAL_Driver/Src/stm32h7xx_hal_rcc.o
                0x08002e0c                HAL_RCC_GetPCLK2Freq
 .text.HAL_RCC_GetClockConfig
                0x08002e38       0x84 ./Drivers/STM32H7xx_HAL_Driver/Src/stm32h7xx_hal_rcc.o
                0x08002e38                HAL_RCC_GetClockConfig
 .text.HAL_RCCEx_PeriphCLKConfig
                0x08002ebc     0x1340 ./Drivers/STM32H7xx_HAL_Driver/Src/stm32h7xx_hal_rcc_ex.o
                0x08002ebc                HAL_RCCEx_PeriphCLKConfig
 .text.HAL_RCCEx_GetD3PCLK1Freq
                0x080041fc       0x2c ./Drivers/STM32H7xx_HAL_Driver/Src/stm32h7xx_hal_rcc_ex.o
                0x080041fc                HAL_RCCEx_GetD3PCLK1Freq
 .text.HAL_RCCEx_GetPLL2ClockFreq
                0x08004228      0x2a8 ./Drivers/STM32H7xx_HAL_Driver/Src/stm32h7xx_hal_rcc_ex.o
                0x08004228                HAL_RCCEx_GetPLL2ClockFreq
 .text.HAL_RCCEx_GetPLL3ClockFreq
                0x080044d0      0x2a8 ./Drivers/STM32H7xx_HAL_Driver/Src/stm32h7xx_hal_rcc_ex.o
                0x080044d0                HAL_RCCEx_GetPLL3ClockFreq
 .text.RCCEx_PLL2_Config
                0x08004778      0x164 ./Drivers/STM32H7xx_HAL_Driver/Src/stm32h7xx_hal_rcc_ex.o
 .text.RCCEx_PLL3_Config
                0x080048dc      0x164 ./Drivers/STM32H7xx_HAL_Driver/Src/stm32h7xx_hal_rcc_ex.o
 .text.HAL_TIM_Base_Init
                0x08004a40       0xae ./Drivers/STM32H7xx_HAL_Driver/Src/stm32h7xx_hal_tim.o
                0x08004a40                HAL_TIM_Base_Init
 .text.HAL_TIM_Base_MspInit
                0x08004aee       0x14 ./Drivers/STM32H7xx_HAL_Driver/Src/stm32h7xx_hal_tim.o
                0x08004aee                HAL_TIM_Base_MspInit
 *fill*         0x08004b02        0x2 
 .text.HAL_TIM_Base_Start_IT
                0x08004b04      0x10c ./Drivers/STM32H7xx_HAL_Driver/Src/stm32h7xx_hal_tim.o
                0x08004b04                HAL_TIM_Base_Start_IT
 .text.HAL_TIM_IRQHandler
                0x08004c10      0x20e ./Drivers/STM32H7xx_HAL_Driver/Src/stm32h7xx_hal_tim.o
                0x08004c10                HAL_TIM_IRQHandler
 .text.HAL_TIM_OC_DelayElapsedCallback
                0x08004e1e       0x14 ./Drivers/STM32H7xx_HAL_Driver/Src/stm32h7xx_hal_tim.o
                0x08004e1e                HAL_TIM_OC_DelayElapsedCallback
 .text.HAL_TIM_IC_CaptureCallback
                0x08004e32       0x14 ./Drivers/STM32H7xx_HAL_Driver/Src/stm32h7xx_hal_tim.o
                0x08004e32                HAL_TIM_IC_CaptureCallback
 .text.HAL_TIM_PWM_PulseFinishedCallback
                0x08004e46       0x14 ./Drivers/STM32H7xx_HAL_Driver/Src/stm32h7xx_hal_tim.o
                0x08004e46                HAL_TIM_PWM_PulseFinishedCallback
 .text.HAL_TIM_TriggerCallback
                0x08004e5a       0x14 ./Drivers/STM32H7xx_HAL_Driver/Src/stm32h7xx_hal_tim.o
                0x08004e5a                HAL_TIM_TriggerCallback
 *fill*         0x08004e6e        0x2 
 .text.TIM_Base_SetConfig
                0x08004e70      0x164 ./Drivers/STM32H7xx_HAL_Driver/Src/stm32h7xx_hal_tim.o
                0x08004e70                TIM_Base_SetConfig
 .text.HAL_TIMEx_CommutCallback
                0x08004fd4       0x14 ./Drivers/STM32H7xx_HAL_Driver/Src/stm32h7xx_hal_tim_ex.o
                0x08004fd4                HAL_TIMEx_CommutCallback
 .text.HAL_TIMEx_BreakCallback
                0x08004fe8       0x14 ./Drivers/STM32H7xx_HAL_Driver/Src/stm32h7xx_hal_tim_ex.o
                0x08004fe8                HAL_TIMEx_BreakCallback
 .text.HAL_TIMEx_Break2Callback
                0x08004ffc       0x14 ./Drivers/STM32H7xx_HAL_Driver/Src/stm32h7xx_hal_tim_ex.o
                0x08004ffc                HAL_TIMEx_Break2Callback
 .text.HAL_UART_Init
                0x08005010       0xa0 ./Drivers/STM32H7xx_HAL_Driver/Src/stm32h7xx_hal_uart.o
                0x08005010                HAL_UART_Init
 .text.HAL_UART_Transmit
                0x080050b0      0x11c ./Drivers/STM32H7xx_HAL_Driver/Src/stm32h7xx_hal_uart.o
                0x080050b0                HAL_UART_Transmit
 .text.UART_SetConfig
                0x080051cc      0xcd8 ./Drivers/STM32H7xx_HAL_Driver/Src/stm32h7xx_hal_uart.o
                0x080051cc                UART_SetConfig
 .text.UART_AdvFeatureConfig
                0x08005ea4      0x144 ./Drivers/STM32H7xx_HAL_Driver/Src/stm32h7xx_hal_uart.o
                0x08005ea4                UART_AdvFeatureConfig
 .text.UART_CheckIdleState
                0x08005fe8      0x154 ./Drivers/STM32H7xx_HAL_Driver/Src/stm32h7xx_hal_uart.o
                0x08005fe8                UART_CheckIdleState
 .text.UART_WaitOnFlagUntilTimeout
                0x0800613c       0xda ./Drivers/STM32H7xx_HAL_Driver/Src/stm32h7xx_hal_uart.o
                0x0800613c                UART_WaitOnFlagUntilTimeout
 *fill*         0x08006216        0x2 
 .text.UART_EndRxTransfer
                0x08006218       0xcc ./Drivers/STM32H7xx_HAL_Driver/Src/stm32h7xx_hal_uart.o
 .text.HAL_UARTEx_DisableFifoMode
                0x080062e4       0x72 ./Drivers/STM32H7xx_HAL_Driver/Src/stm32h7xx_hal_uart_ex.o
                0x080062e4                HAL_UARTEx_DisableFifoMode
 .text.HAL_UARTEx_SetTxFifoThreshold
                0x08006356       0x7c ./Drivers/STM32H7xx_HAL_Driver/Src/stm32h7xx_hal_uart_ex.o
                0x08006356                HAL_UARTEx_SetTxFifoThreshold
 .text.HAL_UARTEx_SetRxFifoThreshold
                0x080063d2       0x7c ./Drivers/STM32H7xx_HAL_Driver/Src/stm32h7xx_hal_uart_ex.o
                0x080063d2                HAL_UARTEx_SetRxFifoThreshold
 *fill*         0x0800644e        0x2 
 .text.UARTEx_SetNbDataToProcess
                0x08006450       0x9c ./Drivers/STM32H7xx_HAL_Driver/Src/stm32h7xx_hal_uart_ex.o
 .text.__NVIC_SetPriority
                0x080064ec       0x54 ./Middlewares/Third_Party/FreeRTOS/Source/CMSIS_RTOS_V2/cmsis_os2.o
 .text.SysTick_Handler
                0x08006540       0x20 ./Middlewares/Third_Party/FreeRTOS/Source/CMSIS_RTOS_V2/cmsis_os2.o
                0x08006540                SysTick_Handler
 .text.SVC_Setup
                0x08006560       0x12 ./Middlewares/Third_Party/FreeRTOS/Source/CMSIS_RTOS_V2/cmsis_os2.o
 *fill*         0x08006572        0x2 
 .text.osKernelInitialize
                0x08006574       0x48 ./Middlewares/Third_Party/FreeRTOS/Source/CMSIS_RTOS_V2/cmsis_os2.o
                0x08006574                osKernelInitialize
 .text.osKernelStart
                0x080065bc       0x4c ./Middlewares/Third_Party/FreeRTOS/Source/CMSIS_RTOS_V2/cmsis_os2.o
                0x080065bc                osKernelStart
 .text.osThreadNew
                0x08006608      0x124 ./Middlewares/Third_Party/FreeRTOS/Source/CMSIS_RTOS_V2/cmsis_os2.o
                0x08006608                osThreadNew
 .text.osDelay  0x0800672c       0x36 ./Middlewares/Third_Party/FreeRTOS/Source/CMSIS_RTOS_V2/cmsis_os2.o
                0x0800672c                osDelay
 *fill*         0x08006762        0x2 
 .text.vApplicationGetIdleTaskMemory
                0x08006764       0x34 ./Middlewares/Third_Party/FreeRTOS/Source/CMSIS_RTOS_V2/cmsis_os2.o
                0x08006764                vApplicationGetIdleTaskMemory
 .text.vApplicationGetTimerTaskMemory
                0x08006798       0x34 ./Middlewares/Third_Party/FreeRTOS/Source/CMSIS_RTOS_V2/cmsis_os2.o
                0x08006798                vApplicationGetTimerTaskMemory
 .text.vListInitialise
                0x080067cc       0x40 ./Middlewares/Third_Party/FreeRTOS/Source/list.o
                0x080067cc                vListInitialise
 .text.vListInitialiseItem
                0x0800680c       0x1a ./Middlewares/Third_Party/FreeRTOS/Source/list.o
                0x0800680c                vListInitialiseItem
 .text.vListInsertEnd
                0x08006826       0x48 ./Middlewares/Third_Party/FreeRTOS/Source/list.o
                0x08006826                vListInsertEnd
 .text.vListInsert
                0x0800686e       0x72 ./Middlewares/Third_Party/FreeRTOS/Source/list.o
                0x0800686e                vListInsert
 .text.uxListRemove
                0x080068e0       0x54 ./Middlewares/Third_Party/FreeRTOS/Source/list.o
                0x080068e0                uxListRemove
 .text.xQueueGenericReset
                0x08006934       0xd4 ./Middlewares/Third_Party/FreeRTOS/Source/queue.o
                0x08006934                xQueueGenericReset
 .text.xQueueGenericCreateStatic
                0x08006a08       0xfa ./Middlewares/Third_Party/FreeRTOS/Source/queue.o
                0x08006a08                xQueueGenericCreateStatic
 .text.prvInitialiseNewQueue
                0x08006b02       0x46 ./Middlewares/Third_Party/FreeRTOS/Source/queue.o
 .text.xQueueGenericSend
                0x08006b48      0x204 ./Middlewares/Third_Party/FreeRTOS/Source/queue.o
                0x08006b48                xQueueGenericSend
 .text.xQueueGenericSendFromISR
                0x08006d4c      0x13c ./Middlewares/Third_Party/FreeRTOS/Source/queue.o
                0x08006d4c                xQueueGenericSendFromISR
 .text.xQueueReceive
                0x08006e88      0x1c4 ./Middlewares/Third_Party/FreeRTOS/Source/queue.o
                0x08006e88                xQueueReceive
 .text.prvCopyDataToQueue
                0x0800704c       0xd4 ./Middlewares/Third_Party/FreeRTOS/Source/queue.o
 .text.prvCopyDataFromQueue
                0x08007120       0x4c ./Middlewares/Third_Party/FreeRTOS/Source/queue.o
 .text.prvUnlockQueue
                0x0800716c       0xa4 ./Middlewares/Third_Party/FreeRTOS/Source/queue.o
 .text.prvIsQueueEmpty
                0x08007210       0x2c ./Middlewares/Third_Party/FreeRTOS/Source/queue.o
 .text.prvIsQueueFull
                0x0800723c       0x30 ./Middlewares/Third_Party/FreeRTOS/Source/queue.o
 .text.vQueueAddToRegistry
                0x0800726c       0x54 ./Middlewares/Third_Party/FreeRTOS/Source/queue.o
                0x0800726c                vQueueAddToRegistry
 .text.vQueueWaitForMessageRestricted
                0x080072c0       0x68 ./Middlewares/Third_Party/FreeRTOS/Source/queue.o
                0x080072c0                vQueueWaitForMessageRestricted
 .text.xTaskCreateStatic
                0x08007328       0xc0 ./Middlewares/Third_Party/FreeRTOS/Source/tasks.o
                0x08007328                xTaskCreateStatic
 .text.xTaskCreate
                0x080073e8       0x8a ./Middlewares/Third_Party/FreeRTOS/Source/tasks.o
                0x080073e8                xTaskCreate
 .text.prvInitialiseNewTask
                0x08007472      0x120 ./Middlewares/Third_Party/FreeRTOS/Source/tasks.o
 *fill*         0x08007592        0x2 
 .text.prvAddNewTaskToReadyList
                0x08007594       0xe0 ./Middlewares/Third_Party/FreeRTOS/Source/tasks.o
 .text.vTaskDelayUntil
                0x08007674      0x100 ./Middlewares/Third_Party/FreeRTOS/Source/tasks.o
                0x08007674                vTaskDelayUntil
 .text.vTaskDelay
                0x08007774       0x6c ./Middlewares/Third_Party/FreeRTOS/Source/tasks.o
                0x08007774                vTaskDelay
 .text.vTaskStartScheduler
                0x080077e0       0xd0 ./Middlewares/Third_Party/FreeRTOS/Source/tasks.o
                0x080077e0                vTaskStartScheduler
 .text.vTaskSuspendAll
                0x080078b0       0x1c ./Middlewares/Third_Party/FreeRTOS/Source/tasks.o
                0x080078b0                vTaskSuspendAll
 .text.xTaskResumeAll
                0x080078cc      0x13c ./Middlewares/Third_Party/FreeRTOS/Source/tasks.o
                0x080078cc                xTaskResumeAll
 .text.xTaskGetTickCount
                0x08007a08       0x20 ./Middlewares/Third_Party/FreeRTOS/Source/tasks.o
                0x08007a08                xTaskGetTickCount
 .text.xTaskIncrementTick
                0x08007a28      0x174 ./Middlewares/Third_Party/FreeRTOS/Source/tasks.o
                0x08007a28                xTaskIncrementTick
 .text.vTaskSwitchContext
                0x08007b9c       0xbc ./Middlewares/Third_Party/FreeRTOS/Source/tasks.o
                0x08007b9c                vTaskSwitchContext
 .text.vTaskPlaceOnEventList
                0x08007c58       0x4c ./Middlewares/Third_Party/FreeRTOS/Source/tasks.o
                0x08007c58                vTaskPlaceOnEventList
 .text.vTaskPlaceOnEventListRestricted
                0x08007ca4       0x58 ./Middlewares/Third_Party/FreeRTOS/Source/tasks.o
                0x08007ca4                vTaskPlaceOnEventListRestricted
 .text.xTaskRemoveFromEventList
                0x08007cfc       0xc8 ./Middlewares/Third_Party/FreeRTOS/Source/tasks.o
                0x08007cfc                xTaskRemoveFromEventList
 .text.vTaskInternalSetTimeOutState
                0x08007dc4       0x2c ./Middlewares/Third_Party/FreeRTOS/Source/tasks.o
                0x08007dc4                vTaskInternalSetTimeOutState
 .text.xTaskCheckForTimeOut
                0x08007df0       0xc8 ./Middlewares/Third_Party/FreeRTOS/Source/tasks.o
                0x08007df0                xTaskCheckForTimeOut
 .text.vTaskMissedYield
                0x08007eb8       0x18 ./Middlewares/Third_Party/FreeRTOS/Source/tasks.o
                0x08007eb8                vTaskMissedYield
 .text.prvIdleTask
                0x08007ed0       0x30 ./Middlewares/Third_Party/FreeRTOS/Source/tasks.o
 .text.prvInitialiseTaskLists
                0x08007f00       0x80 ./Middlewares/Third_Party/FreeRTOS/Source/tasks.o
 .text.prvCheckTasksWaitingTermination
                0x08007f80       0x5c ./Middlewares/Third_Party/FreeRTOS/Source/tasks.o
 .text.prvDeleteTCB
                0x08007fdc       0x60 ./Middlewares/Third_Party/FreeRTOS/Source/tasks.o
 .text.prvResetNextTaskUnblockTime
                0x0800803c       0x40 ./Middlewares/Third_Party/FreeRTOS/Source/tasks.o
 .text.xTaskGetSchedulerState
                0x0800807c       0x3c ./Middlewares/Third_Party/FreeRTOS/Source/tasks.o
                0x0800807c                xTaskGetSchedulerState
 .text.xTaskPriorityDisinherit
                0x080080b8       0xe0 ./Middlewares/Third_Party/FreeRTOS/Source/tasks.o
                0x080080b8                xTaskPriorityDisinherit
 .text.prvAddCurrentTaskToDelayedList
                0x08008198       0xa8 ./Middlewares/Third_Party/FreeRTOS/Source/tasks.o
 .text.xTimerCreateTimerTask
                0x08008240       0x94 ./Middlewares/Third_Party/FreeRTOS/Source/timers.o
                0x08008240                xTimerCreateTimerTask
 .text.xTimerGenericCommand
                0x080082d4       0x9c ./Middlewares/Third_Party/FreeRTOS/Source/timers.o
                0x080082d4                xTimerGenericCommand
 .text.prvProcessExpiredTimer
                0x08008370       0x9c ./Middlewares/Third_Party/FreeRTOS/Source/timers.o
 .text.prvTimerTask
                0x0800840c       0x26 ./Middlewares/Third_Party/FreeRTOS/Source/timers.o
 *fill*         0x08008432        0x2 
 .text.prvProcessTimerOrBlockTask
                0x08008434       0x9c ./Middlewares/Third_Party/FreeRTOS/Source/timers.o
 .text.prvGetNextExpireTime
                0x080084d0       0x48 ./Middlewares/Third_Party/FreeRTOS/Source/timers.o
 .text.prvSampleTimeNow
                0x08008518       0x40 ./Middlewares/Third_Party/FreeRTOS/Source/timers.o
 .text.prvInsertTimerInActiveList
                0x08008558       0x84 ./Middlewares/Third_Party/FreeRTOS/Source/timers.o
 .text.prvProcessReceivedCommands
                0x080085dc      0x1cc ./Middlewares/Third_Party/FreeRTOS/Source/timers.o
 .text.prvSwitchTimerLists
                0x080087a8       0xcc ./Middlewares/Third_Party/FreeRTOS/Source/timers.o
 .text.prvCheckForValidListAndQueue
                0x08008874       0x80 ./Middlewares/Third_Party/FreeRTOS/Source/timers.o
 .text.pxPortInitialiseStack
                0x080088f4       0x68 ./Middlewares/Third_Party/FreeRTOS/Source/portable/GCC/ARM_CM4F/port.o
                0x080088f4                pxPortInitialiseStack
 .text.prvTaskExitError
                0x0800895c       0x5c ./Middlewares/Third_Party/FreeRTOS/Source/portable/GCC/ARM_CM4F/port.o
 *fill*         0x080089b8        0x8 
 .text.SVC_Handler
                0x080089c0       0x28 ./Middlewares/Third_Party/FreeRTOS/Source/portable/GCC/ARM_CM4F/port.o
                0x080089c0                SVC_Handler
 .text.prvPortStartFirstTask
                0x080089e8       0x28 ./Middlewares/Third_Party/FreeRTOS/Source/portable/GCC/ARM_CM4F/port.o
 .text.xPortStartScheduler
                0x08008a10      0x148 ./Middlewares/Third_Party/FreeRTOS/Source/portable/GCC/ARM_CM4F/port.o
                0x08008a10                xPortStartScheduler
 .text.vPortEnterCritical
                0x08008b58       0x64 ./Middlewares/Third_Party/FreeRTOS/Source/portable/GCC/ARM_CM4F/port.o
                0x08008b58                vPortEnterCritical
 .text.vPortExitCritical
                0x08008bbc       0x54 ./Middlewares/Third_Party/FreeRTOS/Source/portable/GCC/ARM_CM4F/port.o
                0x08008bbc                vPortExitCritical
 .text.PendSV_Handler
                0x08008c10       0x68 ./Middlewares/Third_Party/FreeRTOS/Source/portable/GCC/ARM_CM4F/port.o
                0x08008c10                PendSV_Handler
 .text.xPortSysTickHandler
                0x08008c78       0x44 ./Middlewares/Third_Party/FreeRTOS/Source/portable/GCC/ARM_CM4F/port.o
                0x08008c78                xPortSysTickHandler
 .text.vPortSetupTimerInterrupt
                0x08008cbc       0x48 ./Middlewares/Third_Party/FreeRTOS/Source/portable/GCC/ARM_CM4F/port.o
                0x08008cbc                vPortSetupTimerInterrupt
 .text.vPortEnableVFP
                0x08008d04       0x14 ./Middlewares/Third_Party/FreeRTOS/Source/portable/GCC/ARM_CM4F/port.o
 .text.vPortValidateInterruptPriority
                0x08008d18       0x84 ./Middlewares/Third_Party/FreeRTOS/Source/portable/GCC/ARM_CM4F/port.o
                0x08008d18                vPortValidateInterruptPriority
 .text.pvPortMalloc
                0x08008d9c      0x19c ./Middlewares/Third_Party/FreeRTOS/Source/portable/MemMang/heap_4.o
                0x08008d9c                pvPortMalloc
 .text.vPortFree
                0x08008f38       0xc8 ./Middlewares/Third_Party/FreeRTOS/Source/portable/MemMang/heap_4.o
                0x08008f38                vPortFree
 .text.prvHeapInit
                0x08009000       0xc4 ./Middlewares/Third_Party/FreeRTOS/Source/portable/MemMang/heap_4.o
 .text.prvInsertBlockIntoFreeList
                0x080090c4       0xb4 ./Middlewares/Third_Party/FreeRTOS/Source/portable/MemMang/heap_4.o
 .text.memset   0x08009178       0x10 C:/ST/STM32CubeIDE_1.15.0/STM32CubeIDE/plugins/com.st.stm32cube.ide.mcu.externaltools.gnu-tools-for-stm32.12.3.rel1.win32_1.0.100.202403111256/tools/bin/../lib/gcc/arm-none-eabi/12.3.1/../../../../arm-none-eabi/lib/thumb/v7e-m+dp/hard\libc_nano.a(libc_a-memset.o)
                0x08009178                memset
 .text.__libc_init_array
                0x08009188       0x48 C:/ST/STM32CubeIDE_1.15.0/STM32CubeIDE/plugins/com.st.stm32cube.ide.mcu.externaltools.gnu-tools-for-stm32.12.3.rel1.win32_1.0.100.202403111256/tools/bin/../lib/gcc/arm-none-eabi/12.3.1/../../../../arm-none-eabi/lib/thumb/v7e-m+dp/hard\libc_nano.a(libc_a-init.o)
                0x08009188                __libc_init_array
 .text.memcpy   0x080091d0       0x1c C:/ST/STM32CubeIDE_1.15.0/STM32CubeIDE/plugins/com.st.stm32cube.ide.mcu.externaltools.gnu-tools-for-stm32.12.3.rel1.win32_1.0.100.202403111256/tools/bin/../lib/gcc/arm-none-eabi/12.3.1/../../../../arm-none-eabi/lib/thumb/v7e-m+dp/hard\libc_nano.a(libc_a-memcpy-stub.o)
                0x080091d0                memcpy
 *(.glue_7)
 .glue_7        0x080091ec        0x0 linker stubs
 *(.glue_7t)
 .glue_7t       0x080091ec        0x0 linker stubs
 *(.eh_frame)
 .eh_frame      0x080091ec        0x0 C:/ST/STM32CubeIDE_1.15.0/STM32CubeIDE/plugins/com.st.stm32cube.ide.mcu.externaltools.gnu-tools-for-stm32.12.3.rel1.win32_1.0.100.202403111256/tools/bin/../lib/gcc/arm-none-eabi/12.3.1/thumb/v7e-m+dp/hard/crtbegin.o
 *(.init)
 .init          0x080091ec        0x4 C:/ST/STM32CubeIDE_1.15.0/STM32CubeIDE/plugins/com.st.stm32cube.ide.mcu.externaltools.gnu-tools-for-stm32.12.3.rel1.win32_1.0.100.202403111256/tools/bin/../lib/gcc/arm-none-eabi/12.3.1/thumb/v7e-m+dp/hard/crti.o
                0x080091ec                _init
 .init          0x080091f0        0x8 C:/ST/STM32CubeIDE_1.15.0/STM32CubeIDE/plugins/com.st.stm32cube.ide.mcu.externaltools.gnu-tools-for-stm32.12.3.rel1.win32_1.0.100.202403111256/tools/bin/../lib/gcc/arm-none-eabi/12.3.1/thumb/v7e-m+dp/hard/crtn.o
 *(.fini)
 .fini          0x080091f8        0x4 C:/ST/STM32CubeIDE_1.15.0/STM32CubeIDE/plugins/com.st.stm32cube.ide.mcu.externaltools.gnu-tools-for-stm32.12.3.rel1.win32_1.0.100.202403111256/tools/bin/../lib/gcc/arm-none-eabi/12.3.1/thumb/v7e-m+dp/hard/crti.o
                0x080091f8                _fini
 .fini          0x080091fc        0x8 C:/ST/STM32CubeIDE_1.15.0/STM32CubeIDE/plugins/com.st.stm32cube.ide.mcu.externaltools.gnu-tools-for-stm32.12.3.rel1.win32_1.0.100.202403111256/tools/bin/../lib/gcc/arm-none-eabi/12.3.1/thumb/v7e-m+dp/hard/crtn.o
                0x08009204                        . = ALIGN (0x4)
                0x08009204                        _etext = .

.vfp11_veneer   0x08009204        0x0
 .vfp11_veneer  0x08009204        0x0 linker stubs

.v4_bx          0x08009204        0x0
 .v4_bx         0x08009204        0x0 linker stubs

.iplt           0x08009204        0x0
 .iplt          0x08009204        0x0 C:/ST/STM32CubeIDE_1.15.0/STM32CubeIDE/plugins/com.st.stm32cube.ide.mcu.externaltools.gnu-tools-for-stm32.12.3.rel1.win32_1.0.100.202403111256/tools/bin/../lib/gcc/arm-none-eabi/12.3.1/thumb/v7e-m+dp/hard/crtbegin.o

.rodata         0x08009204       0xa0
                0x08009204                        . = ALIGN (0x4)
 *(.rodata)
 .rodata        0x08009204       0x1a ./Core/Source_Jakub/main_app.o
 *fill*         0x0800921e        0x2 
 .rodata        0x08009220        0x3 ./Core/Source_Jakub/printMsg.o
 *fill*         0x08009223        0x1 
 .rodata        0x08009224        0xc ./Core/Src/freertos.o
 .rodata        0x08009230        0x5 ./Middlewares/Third_Party/FreeRTOS/Source/tasks.o
 *fill*         0x08009235        0x3 
 .rodata        0x08009238        0xd ./Middlewares/Third_Party/FreeRTOS/Source/timers.o
 *(.rodata*)
 *fill*         0x08009245        0x3 
 .rodata.defaultTask_attributes
                0x08009248       0x24 ./Core/Src/freertos.o
                0x08009248                defaultTask_attributes
 .rodata.D1CorePrescTable
                0x0800926c       0x10 ./Core/Src/system_stm32h7xx.o
                0x0800926c                D1CorePrescTable
 .rodata.UARTPrescTable
                0x0800927c       0x18 ./Drivers/STM32H7xx_HAL_Driver/Src/stm32h7xx_hal_uart.o
                0x0800927c                UARTPrescTable
 .rodata.numerator.1
                0x08009294        0x8 ./Drivers/STM32H7xx_HAL_Driver/Src/stm32h7xx_hal_uart_ex.o
 .rodata.denominator.0
                0x0800929c        0x8 ./Drivers/STM32H7xx_HAL_Driver/Src/stm32h7xx_hal_uart_ex.o
                0x080092a4                        . = ALIGN (0x4)

.ARM.extab
 *(.ARM.extab* .gnu.linkonce.armextab.*)

.ARM            0x080092a4        0x8
                0x080092a4                        __exidx_start = .
 *(.ARM.exidx*)
 .ARM.exidx     0x080092a4        0x8 C:/ST/STM32CubeIDE_1.15.0/STM32CubeIDE/plugins/com.st.stm32cube.ide.mcu.externaltools.gnu-tools-for-stm32.12.3.rel1.win32_1.0.100.202403111256/tools/bin/../lib/gcc/arm-none-eabi/12.3.1/../../../../arm-none-eabi/lib/thumb/v7e-m+dp/hard\libc_nano.a(libc_a-strlen.o)
 .ARM.exidx     0x080092ac        0x0 C:/ST/STM32CubeIDE_1.15.0/STM32CubeIDE/plugins/com.st.stm32cube.ide.mcu.externaltools.gnu-tools-for-stm32.12.3.rel1.win32_1.0.100.202403111256/tools/bin/../lib/gcc/arm-none-eabi/12.3.1/thumb/v7e-m+dp/hard\libgcc.a(_udivmoddi4.o)
                                  0x8 (size before relaxing)
                0x080092ac                        __exidx_end = .

.preinit_array  0x080092ac        0x0
                0x080092ac                        PROVIDE (__preinit_array_start = .)
 *(.preinit_array*)
                0x080092ac                        PROVIDE (__preinit_array_end = .)

.init_array     0x080092ac        0x4
                0x080092ac                        PROVIDE (__init_array_start = .)
 *(SORT_BY_NAME(.init_array.*))
 *(.init_array*)
 .init_array    0x080092ac        0x4 C:/ST/STM32CubeIDE_1.15.0/STM32CubeIDE/plugins/com.st.stm32cube.ide.mcu.externaltools.gnu-tools-for-stm32.12.3.rel1.win32_1.0.100.202403111256/tools/bin/../lib/gcc/arm-none-eabi/12.3.1/thumb/v7e-m+dp/hard/crtbegin.o
                0x080092b0                        PROVIDE (__init_array_end = .)

.fini_array     0x080092b0        0x4
                [!provide]                        PROVIDE (__fini_array_start = .)
 *(SORT_BY_NAME(.fini_array.*))
 *(.fini_array*)
 .fini_array    0x080092b0        0x4 C:/ST/STM32CubeIDE_1.15.0/STM32CubeIDE/plugins/com.st.stm32cube.ide.mcu.externaltools.gnu-tools-for-stm32.12.3.rel1.win32_1.0.100.202403111256/tools/bin/../lib/gcc/arm-none-eabi/12.3.1/thumb/v7e-m+dp/hard/crtbegin.o
                [!provide]                        PROVIDE (__fini_array_end = .)
                0x080092b4                        _sidata = LOADADDR (.data)

.rel.dyn        0x080092b4        0x0
 .rel.iplt      0x080092b4        0x0 C:/ST/STM32CubeIDE_1.15.0/STM32CubeIDE/plugins/com.st.stm32cube.ide.mcu.externaltools.gnu-tools-for-stm32.12.3.rel1.win32_1.0.100.202403111256/tools/bin/../lib/gcc/arm-none-eabi/12.3.1/thumb/v7e-m+dp/hard/crtbegin.o

.data           0x24000000       0x18 load address 0x080092b4
                0x24000000                        . = ALIGN (0x4)
                0x24000000                        _sdata = .
 *(.data)
 *(.data*)
 .data.pvParameters
                0x24000000        0x4 ./Core/Source_Jakub/main_app.o
                0x24000000                pvParameters
 .data.SystemCoreClock
                0x24000004        0x4 ./Core/Src/system_stm32h7xx.o
                0x24000004                SystemCoreClock
 .data.SystemD2Clock
                0x24000008        0x4 ./Core/Src/system_stm32h7xx.o
                0x24000008                SystemD2Clock
 .data.uwTickPrio
                0x2400000c        0x4 ./Drivers/STM32H7xx_HAL_Driver/Src/stm32h7xx_hal.o
                0x2400000c                uwTickPrio
 .data.uwTickFreq
                0x24000010        0x1 ./Drivers/STM32H7xx_HAL_Driver/Src/stm32h7xx_hal.o
                0x24000010                uwTickFreq
 *fill*         0x24000011        0x3 
 .data.uxCriticalNesting
                0x24000014        0x4 ./Middlewares/Third_Party/FreeRTOS/Source/portable/GCC/ARM_CM4F/port.o
 *(.RamFunc)
 *(.RamFunc*)
                0x24000018                        . = ALIGN (0x4)
                0x24000018                        _edata = .

.igot.plt       0x24000018        0x0 load address 0x080092cc
 .igot.plt      0x24000018        0x0 C:/ST/STM32CubeIDE_1.15.0/STM32CubeIDE/plugins/com.st.stm32cube.ide.mcu.externaltools.gnu-tools-for-stm32.12.3.rel1.win32_1.0.100.202403111256/tools/bin/../lib/gcc/arm-none-eabi/12.3.1/thumb/v7e-m+dp/hard/crtbegin.o

.RxDecripSection
                0x24000018       0x60 load address 0x080092cc
 .RxDecripSection
                0x24000018       0x60 ./Core/Src/eth.o
                0x24000018                DMARxDscrTab

.TxDecripSection
                0x24000078       0x60 load address 0x0800932c
 .TxDecripSection
                0x24000078       0x60 ./Core/Src/eth.o
                0x24000078                DMATxDscrTab
                0x240000d8                        . = ALIGN (0x4)

.bss            0x240000d8     0x4b44 load address 0x0800938c
                0x240000d8                        _sbss = .
                0x240000d8                        __bss_start__ = _sbss
 *(.bss)
 .bss           0x240000d8       0x1c C:/ST/STM32CubeIDE_1.15.0/STM32CubeIDE/plugins/com.st.stm32cube.ide.mcu.externaltools.gnu-tools-for-stm32.12.3.rel1.win32_1.0.100.202403111256/tools/bin/../lib/gcc/arm-none-eabi/12.3.1/thumb/v7e-m+dp/hard/crtbegin.o
 *(.bss*)
 .bss.TxConfig  0x240000f4       0x38 ./Core/Src/eth.o
                0x240000f4                TxConfig
 .bss.heth      0x2400012c       0xb0 ./Core/Src/eth.o
                0x2400012c                heth
 .bss.MACAddr.0
                0x240001dc        0x6 ./Core/Src/eth.o
 *fill*         0x240001e2        0x2 
 .bss.defaultTaskHandle
                0x240001e4        0x4 ./Core/Src/freertos.o
                0x240001e4                defaultTaskHandle
 .bss.htim6     0x240001e8       0x4c ./Core/Src/stm32h7xx_hal_timebase_tim.o
                0x240001e8                htim6
 .bss.huart3    0x24000234       0x94 ./Core/Src/usart.o
                0x24000234                huart3
 .bss.uwTick    0x240002c8        0x4 ./Drivers/STM32H7xx_HAL_Driver/Src/stm32h7xx_hal.o
                0x240002c8                uwTick
 .bss.KernelState
                0x240002cc        0x4 ./Middlewares/Third_Party/FreeRTOS/Source/CMSIS_RTOS_V2/cmsis_os2.o
 .bss.Idle_TCB.3
                0x240002d0       0x5c ./Middlewares/Third_Party/FreeRTOS/Source/CMSIS_RTOS_V2/cmsis_os2.o
 .bss.Idle_Stack.2
                0x2400032c      0x200 ./Middlewares/Third_Party/FreeRTOS/Source/CMSIS_RTOS_V2/cmsis_os2.o
 .bss.Timer_TCB.1
                0x2400052c       0x5c ./Middlewares/Third_Party/FreeRTOS/Source/CMSIS_RTOS_V2/cmsis_os2.o
 .bss.Timer_Stack.0
                0x24000588      0x400 ./Middlewares/Third_Party/FreeRTOS/Source/CMSIS_RTOS_V2/cmsis_os2.o
 .bss.xQueueRegistry
                0x24000988       0x40 ./Middlewares/Third_Party/FreeRTOS/Source/queue.o
                0x24000988                xQueueRegistry
 .bss.pxCurrentTCB
                0x240009c8        0x4 ./Middlewares/Third_Party/FreeRTOS/Source/tasks.o
                0x240009c8                pxCurrentTCB
 .bss.pxReadyTasksLists
                0x240009cc      0x460 ./Middlewares/Third_Party/FreeRTOS/Source/tasks.o
 .bss.xDelayedTaskList1
                0x24000e2c       0x14 ./Middlewares/Third_Party/FreeRTOS/Source/tasks.o
 .bss.xDelayedTaskList2
                0x24000e40       0x14 ./Middlewares/Third_Party/FreeRTOS/Source/tasks.o
 .bss.pxDelayedTaskList
                0x24000e54        0x4 ./Middlewares/Third_Party/FreeRTOS/Source/tasks.o
 .bss.pxOverflowDelayedTaskList
                0x24000e58        0x4 ./Middlewares/Third_Party/FreeRTOS/Source/tasks.o
 .bss.xPendingReadyList
                0x24000e5c       0x14 ./Middlewares/Third_Party/FreeRTOS/Source/tasks.o
 .bss.xTasksWaitingTermination
                0x24000e70       0x14 ./Middlewares/Third_Party/FreeRTOS/Source/tasks.o
 .bss.uxDeletedTasksWaitingCleanUp
                0x24000e84        0x4 ./Middlewares/Third_Party/FreeRTOS/Source/tasks.o
 .bss.xSuspendedTaskList
                0x24000e88       0x14 ./Middlewares/Third_Party/FreeRTOS/Source/tasks.o
 .bss.uxCurrentNumberOfTasks
                0x24000e9c        0x4 ./Middlewares/Third_Party/FreeRTOS/Source/tasks.o
 .bss.xTickCount
                0x24000ea0        0x4 ./Middlewares/Third_Party/FreeRTOS/Source/tasks.o
 .bss.uxTopReadyPriority
                0x24000ea4        0x4 ./Middlewares/Third_Party/FreeRTOS/Source/tasks.o
 .bss.xSchedulerRunning
                0x24000ea8        0x4 ./Middlewares/Third_Party/FreeRTOS/Source/tasks.o
 .bss.xPendedTicks
                0x24000eac        0x4 ./Middlewares/Third_Party/FreeRTOS/Source/tasks.o
 .bss.xYieldPending
                0x24000eb0        0x4 ./Middlewares/Third_Party/FreeRTOS/Source/tasks.o
 .bss.xNumOfOverflows
                0x24000eb4        0x4 ./Middlewares/Third_Party/FreeRTOS/Source/tasks.o
 .bss.uxTaskNumber
                0x24000eb8        0x4 ./Middlewares/Third_Party/FreeRTOS/Source/tasks.o
 .bss.xNextTaskUnblockTime
                0x24000ebc        0x4 ./Middlewares/Third_Party/FreeRTOS/Source/tasks.o
 .bss.xIdleTaskHandle
                0x24000ec0        0x4 ./Middlewares/Third_Party/FreeRTOS/Source/tasks.o
 .bss.uxSchedulerSuspended
                0x24000ec4        0x4 ./Middlewares/Third_Party/FreeRTOS/Source/tasks.o
 .bss.xActiveTimerList1
                0x24000ec8       0x14 ./Middlewares/Third_Party/FreeRTOS/Source/timers.o
 .bss.xActiveTimerList2
                0x24000edc       0x14 ./Middlewares/Third_Party/FreeRTOS/Source/timers.o
 .bss.pxCurrentTimerList
                0x24000ef0        0x4 ./Middlewares/Third_Party/FreeRTOS/Source/timers.o
 .bss.pxOverflowTimerList
                0x24000ef4        0x4 ./Middlewares/Third_Party/FreeRTOS/Source/timers.o
 .bss.xTimerQueue
                0x24000ef8        0x4 ./Middlewares/Third_Party/FreeRTOS/Source/timers.o
 .bss.xTimerTaskHandle
                0x24000efc        0x4 ./Middlewares/Third_Party/FreeRTOS/Source/timers.o
 .bss.xLastTime.2
                0x24000f00        0x4 ./Middlewares/Third_Party/FreeRTOS/Source/timers.o
 .bss.ucStaticTimerQueueStorage.1
                0x24000f04       0xa0 ./Middlewares/Third_Party/FreeRTOS/Source/timers.o
 .bss.xStaticTimerQueue.0
                0x24000fa4       0x50 ./Middlewares/Third_Party/FreeRTOS/Source/timers.o
 .bss.ucMaxSysCallPriority
                0x24000ff4        0x1 ./Middlewares/Third_Party/FreeRTOS/Source/portable/GCC/ARM_CM4F/port.o
 *fill*         0x24000ff5        0x3 
 .bss.ulMaxPRIGROUPValue
                0x24000ff8        0x4 ./Middlewares/Third_Party/FreeRTOS/Source/portable/GCC/ARM_CM4F/port.o
 .bss.ucHeap    0x24000ffc     0x3c00 ./Middlewares/Third_Party/FreeRTOS/Source/portable/MemMang/heap_4.o
 .bss.xStart    0x24004bfc        0x8 ./Middlewares/Third_Party/FreeRTOS/Source/portable/MemMang/heap_4.o
 .bss.pxEnd     0x24004c04        0x4 ./Middlewares/Third_Party/FreeRTOS/Source/portable/MemMang/heap_4.o
 .bss.xFreeBytesRemaining
                0x24004c08        0x4 ./Middlewares/Third_Party/FreeRTOS/Source/portable/MemMang/heap_4.o
 .bss.xMinimumEverFreeBytesRemaining
                0x24004c0c        0x4 ./Middlewares/Third_Party/FreeRTOS/Source/portable/MemMang/heap_4.o
 .bss.xNumberOfSuccessfulAllocations
                0x24004c10        0x4 ./Middlewares/Third_Party/FreeRTOS/Source/portable/MemMang/heap_4.o
 .bss.xNumberOfSuccessfulFrees
                0x24004c14        0x4 ./Middlewares/Third_Party/FreeRTOS/Source/portable/MemMang/heap_4.o
 .bss.xBlockAllocatedBit
                0x24004c18        0x4 ./Middlewares/Third_Party/FreeRTOS/Source/portable/MemMang/heap_4.o
 *(COMMON)
                0x24004c1c                        . = ALIGN (0x4)
                0x24004c1c                        _ebss = .
                0x24004c1c                        __bss_end__ = _ebss

._user_heap_stack
                0x24004c1c      0x604 load address 0x0800938c
                0x24004c20                        . = ALIGN (0x8)
 *fill*         0x24004c1c        0x4 
                [!provide]                        PROVIDE (end = .)
                0x24004c20                        PROVIDE (_end = .)
                0x24004e20                        . = (. + _Min_Heap_Size)
 *fill*         0x24004c20      0x200 
                0x24005220                        . = (. + _Min_Stack_Size)
 *fill*         0x24004e20      0x400 
                0x24005220                        . = ALIGN (0x8)

/DISCARD/
 libc.a(*)
 libm.a(*)
 libgcc.a(*)

.ARM.attributes
                0x00000000       0x2e
 *(.ARM.attributes)
 .ARM.attributes
                0x00000000       0x20 C:/ST/STM32CubeIDE_1.15.0/STM32CubeIDE/plugins/com.st.stm32cube.ide.mcu.externaltools.gnu-tools-for-stm32.12.3.rel1.win32_1.0.100.202403111256/tools/bin/../lib/gcc/arm-none-eabi/12.3.1/thumb/v7e-m+dp/hard/crti.o
 .ARM.attributes
                0x00000020       0x32 C:/ST/STM32CubeIDE_1.15.0/STM32CubeIDE/plugins/com.st.stm32cube.ide.mcu.externaltools.gnu-tools-for-stm32.12.3.rel1.win32_1.0.100.202403111256/tools/bin/../lib/gcc/arm-none-eabi/12.3.1/thumb/v7e-m+dp/hard/crtbegin.o
 .ARM.attributes
                0x00000052       0x32 ./Core/Source_Jakub/main_app.o
 .ARM.attributes
                0x00000084       0x32 ./Core/Source_Jakub/printMsg.o
 .ARM.attributes
                0x000000b6       0x32 ./Core/Source_Jakub/printMsgTask.o
 .ARM.attributes
                0x000000e8       0x32 ./Core/Src/eth.o
 .ARM.attributes
                0x0000011a       0x32 ./Core/Src/freertos.o
 .ARM.attributes
                0x0000014c       0x32 ./Core/Src/gpio.o
 .ARM.attributes
                0x0000017e       0x32 ./Core/Src/main.o
 .ARM.attributes
                0x000001b0       0x32 ./Core/Src/stm32h7xx_hal_msp.o
 .ARM.attributes
                0x000001e2       0x32 ./Core/Src/stm32h7xx_hal_timebase_tim.o
 .ARM.attributes
                0x00000214       0x32 ./Core/Src/stm32h7xx_it.o
 .ARM.attributes
                0x00000246       0x32 ./Core/Src/system_stm32h7xx.o
 .ARM.attributes
                0x00000278       0x32 ./Core/Src/usart.o
 .ARM.attributes
                0x000002aa       0x32 ./Core/Src/usb_otg.o
 .ARM.attributes
                0x000002dc       0x21 ./Core/Startup/startup_stm32h723zgtx.o
 .ARM.attributes
                0x000002fd       0x32 ./Drivers/STM32H7xx_HAL_Driver/Src/stm32h7xx_hal.o
 .ARM.attributes
                0x0000032f       0x32 ./Drivers/STM32H7xx_HAL_Driver/Src/stm32h7xx_hal_cortex.o
 .ARM.attributes
                0x00000361       0x32 ./Drivers/STM32H7xx_HAL_Driver/Src/stm32h7xx_hal_eth.o
 .ARM.attributes
                0x00000393       0x32 ./Drivers/STM32H7xx_HAL_Driver/Src/stm32h7xx_hal_gpio.o
 .ARM.attributes
                0x000003c5       0x32 ./Drivers/STM32H7xx_HAL_Driver/Src/stm32h7xx_hal_pwr_ex.o
 .ARM.attributes
                0x000003f7       0x32 ./Drivers/STM32H7xx_HAL_Driver/Src/stm32h7xx_hal_rcc.o
 .ARM.attributes
                0x00000429       0x32 ./Drivers/STM32H7xx_HAL_Driver/Src/stm32h7xx_hal_rcc_ex.o
 .ARM.attributes
                0x0000045b       0x32 ./Drivers/STM32H7xx_HAL_Driver/Src/stm32h7xx_hal_tim.o
 .ARM.attributes
                0x0000048d       0x32 ./Drivers/STM32H7xx_HAL_Driver/Src/stm32h7xx_hal_tim_ex.o
 .ARM.attributes
                0x000004bf       0x32 ./Drivers/STM32H7xx_HAL_Driver/Src/stm32h7xx_hal_uart.o
 .ARM.attributes
                0x000004f1       0x32 ./Drivers/STM32H7xx_HAL_Driver/Src/stm32h7xx_hal_uart_ex.o
 .ARM.attributes
                0x00000523       0x32 ./Middlewares/Third_Party/FreeRTOS/Source/CMSIS_RTOS_V2/cmsis_os2.o
 .ARM.attributes
                0x00000555       0x32 ./Middlewares/Third_Party/FreeRTOS/Source/list.o
 .ARM.attributes
                0x00000587       0x32 ./Middlewares/Third_Party/FreeRTOS/Source/queue.o
 .ARM.attributes
                0x000005b9       0x32 ./Middlewares/Third_Party/FreeRTOS/Source/tasks.o
 .ARM.attributes
                0x000005eb       0x32 ./Middlewares/Third_Party/FreeRTOS/Source/timers.o
 .ARM.attributes
                0x0000061d       0x32 ./Middlewares/Third_Party/FreeRTOS/Source/portable/GCC/ARM_CM4F/port.o
 .ARM.attributes
                0x0000064f       0x32 ./Middlewares/Third_Party/FreeRTOS/Source/portable/MemMang/heap_4.o
 .ARM.attributes
                0x00000681       0x32 C:/ST/STM32CubeIDE_1.15.0/STM32CubeIDE/plugins/com.st.stm32cube.ide.mcu.externaltools.gnu-tools-for-stm32.12.3.rel1.win32_1.0.100.202403111256/tools/bin/../lib/gcc/arm-none-eabi/12.3.1/../../../../arm-none-eabi/lib/thumb/v7e-m+dp/hard\libc_nano.a(libc_a-memset.o)
 .ARM.attributes
                0x000006b3       0x32 C:/ST/STM32CubeIDE_1.15.0/STM32CubeIDE/plugins/com.st.stm32cube.ide.mcu.externaltools.gnu-tools-for-stm32.12.3.rel1.win32_1.0.100.202403111256/tools/bin/../lib/gcc/arm-none-eabi/12.3.1/../../../../arm-none-eabi/lib/thumb/v7e-m+dp/hard\libc_nano.a(libc_a-init.o)
 .ARM.attributes
                0x000006e5       0x32 C:/ST/STM32CubeIDE_1.15.0/STM32CubeIDE/plugins/com.st.stm32cube.ide.mcu.externaltools.gnu-tools-for-stm32.12.3.rel1.win32_1.0.100.202403111256/tools/bin/../lib/gcc/arm-none-eabi/12.3.1/../../../../arm-none-eabi/lib/thumb/v7e-m+dp/hard\libc_nano.a(libc_a-memcpy-stub.o)
 .ARM.attributes
                0x00000717       0x17 C:/ST/STM32CubeIDE_1.15.0/STM32CubeIDE/plugins/com.st.stm32cube.ide.mcu.externaltools.gnu-tools-for-stm32.12.3.rel1.win32_1.0.100.202403111256/tools/bin/../lib/gcc/arm-none-eabi/12.3.1/../../../../arm-none-eabi/lib/thumb/v7e-m+dp/hard\libc_nano.a(libc_a-strlen.o)
 .ARM.attributes
                0x0000072e       0x20 C:/ST/STM32CubeIDE_1.15.0/STM32CubeIDE/plugins/com.st.stm32cube.ide.mcu.externaltools.gnu-tools-for-stm32.12.3.rel1.win32_1.0.100.202403111256/tools/bin/../lib/gcc/arm-none-eabi/12.3.1/thumb/v7e-m+dp/hard\libgcc.a(_aeabi_uldivmod.o)
 .ARM.attributes
                0x0000074e       0x32 C:/ST/STM32CubeIDE_1.15.0/STM32CubeIDE/plugins/com.st.stm32cube.ide.mcu.externaltools.gnu-tools-for-stm32.12.3.rel1.win32_1.0.100.202403111256/tools/bin/../lib/gcc/arm-none-eabi/12.3.1/thumb/v7e-m+dp/hard\libgcc.a(_udivmoddi4.o)
 .ARM.attributes
                0x00000780       0x20 C:/ST/STM32CubeIDE_1.15.0/STM32CubeIDE/plugins/com.st.stm32cube.ide.mcu.externaltools.gnu-tools-for-stm32.12.3.rel1.win32_1.0.100.202403111256/tools/bin/../lib/gcc/arm-none-eabi/12.3.1/thumb/v7e-m+dp/hard\libgcc.a(_dvmd_tls.o)
 .ARM.attributes
                0x000007a0       0x20 C:/ST/STM32CubeIDE_1.15.0/STM32CubeIDE/plugins/com.st.stm32cube.ide.mcu.externaltools.gnu-tools-for-stm32.12.3.rel1.win32_1.0.100.202403111256/tools/bin/../lib/gcc/arm-none-eabi/12.3.1/thumb/v7e-m+dp/hard/crtn.o
OUTPUT(embedded.elf elf32-littlearm)
LOAD linker stubs
LOAD C:/ST/STM32CubeIDE_1.15.0/STM32CubeIDE/plugins/com.st.stm32cube.ide.mcu.externaltools.gnu-tools-for-stm32.12.3.rel1.win32_1.0.100.202403111256/tools/bin/../lib/gcc/arm-none-eabi/12.3.1/../../../../arm-none-eabi/lib/thumb/v7e-m+dp/hard\libc.a
LOAD C:/ST/STM32CubeIDE_1.15.0/STM32CubeIDE/plugins/com.st.stm32cube.ide.mcu.externaltools.gnu-tools-for-stm32.12.3.rel1.win32_1.0.100.202403111256/tools/bin/../lib/gcc/arm-none-eabi/12.3.1/../../../../arm-none-eabi/lib/thumb/v7e-m+dp/hard\libm.a
LOAD C:/ST/STM32CubeIDE_1.15.0/STM32CubeIDE/plugins/com.st.stm32cube.ide.mcu.externaltools.gnu-tools-for-stm32.12.3.rel1.win32_1.0.100.202403111256/tools/bin/../lib/gcc/arm-none-eabi/12.3.1/thumb/v7e-m+dp/hard\libgcc.a

.debug_info     0x00000000    0x23b6f
 .debug_info    0x00000000      0x1aa ./Core/Source_Jakub/main_app.o
 .debug_info    0x000001aa      0x827 ./Core/Source_Jakub/printMsg.o
 .debug_info    0x000009d1      0x157 ./Core/Source_Jakub/printMsgTask.o
 .debug_info    0x00000b28     0x174b ./Core/Src/eth.o
 .debug_info    0x00002273      0x39b ./Core/Src/freertos.o
 .debug_info    0x0000260e      0x69b ./Core/Src/gpio.o
 .debug_info    0x00002ca9      0xbb5 ./Core/Src/main.o
 .debug_info    0x0000385e      0x808 ./Core/Src/stm32h7xx_hal_msp.o
 .debug_info    0x00004066     0x109d ./Core/Src/stm32h7xx_hal_timebase_tim.o
 .debug_info    0x00005103      0x7e6 ./Core/Src/stm32h7xx_it.o
 .debug_info    0x000058e9      0xb2e ./Core/Src/system_stm32h7xx.o
 .debug_info    0x00006417     0x1095 ./Core/Src/usart.o
 .debug_info    0x000074ac       0x9f ./Core/Src/usb_otg.o
 .debug_info    0x0000754b       0x30 ./Core/Startup/startup_stm32h723zgtx.o
 .debug_info    0x0000757b     0x1698 ./Drivers/STM32H7xx_HAL_Driver/Src/stm32h7xx_hal.o
 .debug_info    0x00008c13     0x10a0 ./Drivers/STM32H7xx_HAL_Driver/Src/stm32h7xx_hal_cortex.o
 .debug_info    0x00009cb3     0x2a22 ./Drivers/STM32H7xx_HAL_Driver/Src/stm32h7xx_hal_eth.o
 .debug_info    0x0000c6d5      0xc5c ./Drivers/STM32H7xx_HAL_Driver/Src/stm32h7xx_hal_gpio.o
 .debug_info    0x0000d331      0xdc4 ./Drivers/STM32H7xx_HAL_Driver/Src/stm32h7xx_hal_pwr_ex.o
 .debug_info    0x0000e0f5      0xd73 ./Drivers/STM32H7xx_HAL_Driver/Src/stm32h7xx_hal_rcc.o
 .debug_info    0x0000ee68     0x11fc ./Drivers/STM32H7xx_HAL_Driver/Src/stm32h7xx_hal_rcc_ex.o
 .debug_info    0x00010064     0x2bae ./Drivers/STM32H7xx_HAL_Driver/Src/stm32h7xx_hal_tim.o
 .debug_info    0x00012c12     0x18c1 ./Drivers/STM32H7xx_HAL_Driver/Src/stm32h7xx_hal_tim_ex.o
 .debug_info    0x000144d3     0x4b13 ./Drivers/STM32H7xx_HAL_Driver/Src/stm32h7xx_hal_uart.o
 .debug_info    0x00018fe6      0xfbf ./Drivers/STM32H7xx_HAL_Driver/Src/stm32h7xx_hal_uart_ex.o
 .debug_info    0x00019fa5     0x3d7b ./Middlewares/Third_Party/FreeRTOS/Source/CMSIS_RTOS_V2/cmsis_os2.o
 .debug_info    0x0001dd20      0x2af ./Middlewares/Third_Party/FreeRTOS/Source/list.o
 .debug_info    0x0001dfcf     0x1b79 ./Middlewares/Third_Party/FreeRTOS/Source/queue.o
 .debug_info    0x0001fb48     0x21ec ./Middlewares/Third_Party/FreeRTOS/Source/tasks.o
 .debug_info    0x00021d34     0x1488 ./Middlewares/Third_Party/FreeRTOS/Source/timers.o
 .debug_info    0x000231bc      0x4de ./Middlewares/Third_Party/FreeRTOS/Source/portable/GCC/ARM_CM4F/port.o
 .debug_info    0x0002369a      0x4d5 ./Middlewares/Third_Party/FreeRTOS/Source/portable/MemMang/heap_4.o

.debug_abbrev   0x00000000     0x45f3
 .debug_abbrev  0x00000000       0xd5 ./Core/Source_Jakub/main_app.o
 .debug_abbrev  0x000000d5      0x17b ./Core/Source_Jakub/printMsg.o
 .debug_abbrev  0x00000250       0xce ./Core/Source_Jakub/printMsgTask.o
 .debug_abbrev  0x0000031e      0x24a ./Core/Src/eth.o
 .debug_abbrev  0x00000568      0x12c ./Core/Src/freertos.o
 .debug_abbrev  0x00000694      0x182 ./Core/Src/gpio.o
 .debug_abbrev  0x00000816      0x24c ./Core/Src/main.o
 .debug_abbrev  0x00000a62      0x11c ./Core/Src/stm32h7xx_hal_msp.o
 .debug_abbrev  0x00000b7e      0x212 ./Core/Src/stm32h7xx_hal_timebase_tim.o
 .debug_abbrev  0x00000d90      0x17b ./Core/Src/stm32h7xx_it.o
 .debug_abbrev  0x00000f0b      0x13a ./Core/Src/system_stm32h7xx.o
 .debug_abbrev  0x00001045      0x241 ./Core/Src/usart.o
 .debug_abbrev  0x00001286       0x45 ./Core/Src/usb_otg.o
 .debug_abbrev  0x000012cb       0x24 ./Core/Startup/startup_stm32h723zgtx.o
 .debug_abbrev  0x000012ef      0x29e ./Drivers/STM32H7xx_HAL_Driver/Src/stm32h7xx_hal.o
 .debug_abbrev  0x0000158d      0x339 ./Drivers/STM32H7xx_HAL_Driver/Src/stm32h7xx_hal_cortex.o
 .debug_abbrev  0x000018c6      0x347 ./Drivers/STM32H7xx_HAL_Driver/Src/stm32h7xx_hal_eth.o
 .debug_abbrev  0x00001c0d      0x1fe ./Drivers/STM32H7xx_HAL_Driver/Src/stm32h7xx_hal_gpio.o
 .debug_abbrev  0x00001e0b      0x295 ./Drivers/STM32H7xx_HAL_Driver/Src/stm32h7xx_hal_pwr_ex.o
 .debug_abbrev  0x000020a0      0x2b1 ./Drivers/STM32H7xx_HAL_Driver/Src/stm32h7xx_hal_rcc.o
 .debug_abbrev  0x00002351      0x269 ./Drivers/STM32H7xx_HAL_Driver/Src/stm32h7xx_hal_rcc_ex.o
 .debug_abbrev  0x000025ba      0x276 ./Drivers/STM32H7xx_HAL_Driver/Src/stm32h7xx_hal_tim.o
 .debug_abbrev  0x00002830      0x296 ./Drivers/STM32H7xx_HAL_Driver/Src/stm32h7xx_hal_tim_ex.o
 .debug_abbrev  0x00002ac6      0x33d ./Drivers/STM32H7xx_HAL_Driver/Src/stm32h7xx_hal_uart.o
 .debug_abbrev  0x00002e03      0x2d2 ./Drivers/STM32H7xx_HAL_Driver/Src/stm32h7xx_hal_uart_ex.o
 .debug_abbrev  0x000030d5      0x522 ./Middlewares/Third_Party/FreeRTOS/Source/CMSIS_RTOS_V2/cmsis_os2.o
 .debug_abbrev  0x000035f7       0xf5 ./Middlewares/Third_Party/FreeRTOS/Source/list.o
 .debug_abbrev  0x000036ec      0x3b6 ./Middlewares/Third_Party/FreeRTOS/Source/queue.o
 .debug_abbrev  0x00003aa2      0x386 ./Middlewares/Third_Party/FreeRTOS/Source/tasks.o
 .debug_abbrev  0x00003e28      0x352 ./Middlewares/Third_Party/FreeRTOS/Source/timers.o
 .debug_abbrev  0x0000417a      0x25c ./Middlewares/Third_Party/FreeRTOS/Source/portable/GCC/ARM_CM4F/port.o
 .debug_abbrev  0x000043d6      0x21d ./Middlewares/Third_Party/FreeRTOS/Source/portable/MemMang/heap_4.o

.debug_aranges  0x00000000     0x1ac0
 .debug_aranges
                0x00000000       0x20 ./Core/Source_Jakub/main_app.o
 .debug_aranges
                0x00000020       0x20 ./Core/Source_Jakub/printMsg.o
 .debug_aranges
                0x00000040       0x20 ./Core/Source_Jakub/printMsgTask.o
 .debug_aranges
                0x00000060       0x30 ./Core/Src/eth.o
 .debug_aranges
                0x00000090       0x28 ./Core/Src/freertos.o
 .debug_aranges
                0x000000b8       0x20 ./Core/Src/gpio.o
 .debug_aranges
                0x000000d8       0x38 ./Core/Src/main.o
 .debug_aranges
                0x00000110       0x20 ./Core/Src/stm32h7xx_hal_msp.o
 .debug_aranges
                0x00000130       0x30 ./Core/Src/stm32h7xx_hal_timebase_tim.o
 .debug_aranges
                0x00000160       0x50 ./Core/Src/stm32h7xx_it.o
 .debug_aranges
                0x000001b0       0x28 ./Core/Src/system_stm32h7xx.o
 .debug_aranges
                0x000001d8       0x30 ./Core/Src/usart.o
 .debug_aranges
                0x00000208       0x20 ./Core/Src/usb_otg.o
 .debug_aranges
                0x00000228       0x28 ./Core/Startup/startup_stm32h723zgtx.o
 .debug_aranges
                0x00000250      0x1c8 ./Drivers/STM32H7xx_HAL_Driver/Src/stm32h7xx_hal.o
 .debug_aranges
                0x00000418      0x130 ./Drivers/STM32H7xx_HAL_Driver/Src/stm32h7xx_hal_cortex.o
 .debug_aranges
                0x00000548      0x1d8 ./Drivers/STM32H7xx_HAL_Driver/Src/stm32h7xx_hal_eth.o
 .debug_aranges
                0x00000720       0x58 ./Drivers/STM32H7xx_HAL_Driver/Src/stm32h7xx_hal_gpio.o
 .debug_aranges
                0x00000778      0x148 ./Drivers/STM32H7xx_HAL_Driver/Src/stm32h7xx_hal_pwr_ex.o
 .debug_aranges
                0x000008c0       0x88 ./Drivers/STM32H7xx_HAL_Driver/Src/stm32h7xx_hal_rcc.o
 .debug_aranges
                0x00000948       0xf8 ./Drivers/STM32H7xx_HAL_Driver/Src/stm32h7xx_hal_rcc_ex.o
 .debug_aranges
                0x00000a40      0x3e0 ./Drivers/STM32H7xx_HAL_Driver/Src/stm32h7xx_hal_tim.o
 .debug_aranges
                0x00000e20      0x198 ./Drivers/STM32H7xx_HAL_Driver/Src/stm32h7xx_hal_tim_ex.o
 .debug_aranges
                0x00000fb8      0x248 ./Drivers/STM32H7xx_HAL_Driver/Src/stm32h7xx_hal_uart.o
 .debug_aranges
                0x00001200       0xa8 ./Drivers/STM32H7xx_HAL_Driver/Src/stm32h7xx_hal_uart_ex.o
 .debug_aranges
                0x000012a8      0x2b0 ./Middlewares/Third_Party/FreeRTOS/Source/CMSIS_RTOS_V2/cmsis_os2.o
 .debug_aranges
                0x00001558       0x40 ./Middlewares/Third_Party/FreeRTOS/Source/list.o
 .debug_aranges
                0x00001598      0x158 ./Middlewares/Third_Party/FreeRTOS/Source/queue.o
 .debug_aranges
                0x000016f0      0x208 ./Middlewares/Third_Party/FreeRTOS/Source/tasks.o
 .debug_aranges
                0x000018f8       0xf0 ./Middlewares/Third_Party/FreeRTOS/Source/timers.o
 .debug_aranges
                0x000019e8       0x80 ./Middlewares/Third_Party/FreeRTOS/Source/portable/GCC/ARM_CM4F/port.o
 .debug_aranges
                0x00001a68       0x58 ./Middlewares/Third_Party/FreeRTOS/Source/portable/MemMang/heap_4.o

.debug_rnglists
                0x00000000     0x14b2
 .debug_rnglists
                0x00000000       0x13 ./Core/Source_Jakub/main_app.o
 .debug_rnglists
                0x00000013       0x13 ./Core/Source_Jakub/printMsg.o
 .debug_rnglists
                0x00000026       0x13 ./Core/Source_Jakub/printMsgTask.o
 .debug_rnglists
                0x00000039       0x22 ./Core/Src/eth.o
 .debug_rnglists
                0x0000005b       0x19 ./Core/Src/freertos.o
 .debug_rnglists
                0x00000074       0x14 ./Core/Src/gpio.o
 .debug_rnglists
                0x00000088       0x26 ./Core/Src/main.o
 .debug_rnglists
                0x000000ae       0x13 ./Core/Src/stm32h7xx_hal_msp.o
 .debug_rnglists
                0x000000c1       0x20 ./Core/Src/stm32h7xx_hal_timebase_tim.o
 .debug_rnglists
                0x000000e1       0x37 ./Core/Src/stm32h7xx_it.o
 .debug_rnglists
                0x00000118       0x1b ./Core/Src/system_stm32h7xx.o
 .debug_rnglists
                0x00000133       0x21 ./Core/Src/usart.o
 .debug_rnglists
                0x00000154       0x13 ./Core/Src/usb_otg.o
 .debug_rnglists
                0x00000167       0x19 ./Core/Startup/startup_stm32h723zgtx.o
 .debug_rnglists
                0x00000180      0x155 ./Drivers/STM32H7xx_HAL_Driver/Src/stm32h7xx_hal.o
 .debug_rnglists
                0x000002d5       0xe0 ./Drivers/STM32H7xx_HAL_Driver/Src/stm32h7xx_hal_cortex.o
 .debug_rnglists
                0x000003b5      0x176 ./Drivers/STM32H7xx_HAL_Driver/Src/stm32h7xx_hal_eth.o
 .debug_rnglists
                0x0000052b       0x3f ./Drivers/STM32H7xx_HAL_Driver/Src/stm32h7xx_hal_gpio.o
 .debug_rnglists
                0x0000056a       0xf5 ./Drivers/STM32H7xx_HAL_Driver/Src/stm32h7xx_hal_pwr_ex.o
 .debug_rnglists
                0x0000065f       0x68 ./Drivers/STM32H7xx_HAL_Driver/Src/stm32h7xx_hal_rcc.o
 .debug_rnglists
                0x000006c7       0xc0 ./Drivers/STM32H7xx_HAL_Driver/Src/stm32h7xx_hal_rcc_ex.o
 .debug_rnglists
                0x00000787      0x328 ./Drivers/STM32H7xx_HAL_Driver/Src/stm32h7xx_hal_tim.o
 .debug_rnglists
                0x00000aaf      0x14d ./Drivers/STM32H7xx_HAL_Driver/Src/stm32h7xx_hal_tim_ex.o
 .debug_rnglists
                0x00000bfc      0x1fa ./Drivers/STM32H7xx_HAL_Driver/Src/stm32h7xx_hal_uart.o
 .debug_rnglists
                0x00000df6       0x7f ./Drivers/STM32H7xx_HAL_Driver/Src/stm32h7xx_hal_uart_ex.o
 .debug_rnglists
                0x00000e75      0x212 ./Middlewares/Third_Party/FreeRTOS/Source/CMSIS_RTOS_V2/cmsis_os2.o
 .debug_rnglists
                0x00001087       0x2b ./Middlewares/Third_Party/FreeRTOS/Source/list.o
 .debug_rnglists
                0x000010b2      0x109 ./Middlewares/Third_Party/FreeRTOS/Source/queue.o
 .debug_rnglists
                0x000011bb      0x1a0 ./Middlewares/Third_Party/FreeRTOS/Source/tasks.o
 .debug_rnglists
                0x0000135b       0xb8 ./Middlewares/Third_Party/FreeRTOS/Source/timers.o
 .debug_rnglists
                0x00001413       0x5d ./Middlewares/Third_Party/FreeRTOS/Source/portable/GCC/ARM_CM4F/port.o
 .debug_rnglists
                0x00001470       0x42 ./Middlewares/Third_Party/FreeRTOS/Source/portable/MemMang/heap_4.o

.debug_macro    0x00000000    0x373fc
 .debug_macro   0x00000000      0x3ab ./Core/Source_Jakub/main_app.o
 .debug_macro   0x000003ab      0xacc ./Core/Source_Jakub/main_app.o
 .debug_macro   0x00000e77      0x189 ./Core/Source_Jakub/main_app.o
 .debug_macro   0x00001000       0x22 ./Core/Source_Jakub/main_app.o
 .debug_macro   0x00001022       0x8e ./Core/Source_Jakub/main_app.o
 .debug_macro   0x000010b0       0x51 ./Core/Source_Jakub/main_app.o
 .debug_macro   0x00001101      0x103 ./Core/Source_Jakub/main_app.o
 .debug_macro   0x00001204       0x6a ./Core/Source_Jakub/main_app.o
 .debug_macro   0x0000126e      0x1df ./Core/Source_Jakub/main_app.o
 .debug_macro   0x0000144d      0x169 ./Core/Source_Jakub/main_app.o
 .debug_macro   0x000015b6      0x15a ./Core/Source_Jakub/main_app.o
 .debug_macro   0x00001710       0xc9 ./Core/Source_Jakub/main_app.o
 .debug_macro   0x000017d9       0x1c ./Core/Source_Jakub/main_app.o
 .debug_macro   0x000017f5       0x26 ./Core/Source_Jakub/main_app.o
 .debug_macro   0x0000181b      0x4c5 ./Core/Source_Jakub/main_app.o
 .debug_macro   0x00001ce0       0xb5 ./Core/Source_Jakub/main_app.o
 .debug_macro   0x00001d95       0xaa ./Core/Source_Jakub/main_app.o
 .debug_macro   0x00001e3f       0x91 ./Core/Source_Jakub/main_app.o
 .debug_macro   0x00001ed0       0x8d ./Core/Source_Jakub/main_app.o
 .debug_macro   0x00001f5d      0x23e ./Core/Source_Jakub/main_app.o
 .debug_macro   0x0000219b       0x2e ./Core/Source_Jakub/main_app.o
 .debug_macro   0x000021c9       0x3b ./Core/Source_Jakub/main_app.o
 .debug_macro   0x00002204       0x1c ./Core/Source_Jakub/main_app.o
 .debug_macro   0x00002220       0x22 ./Core/Source_Jakub/main_app.o
 .debug_macro   0x00002242       0xfb ./Core/Source_Jakub/main_app.o
 .debug_macro   0x0000233d     0x1305 ./Core/Source_Jakub/main_app.o
 .debug_macro   0x00003642      0x11f ./Core/Source_Jakub/main_app.o
 .debug_macro   0x00003761       0x27 ./Core/Source_Jakub/main_app.o
 .debug_macro   0x00003788    0x2127f ./Core/Source_Jakub/main_app.o
 .debug_macro   0x00024a07       0x6d ./Core/Source_Jakub/main_app.o
 .debug_macro   0x00024a74     0x3d64 ./Core/Source_Jakub/main_app.o
 .debug_macro   0x000287d8       0x61 ./Core/Source_Jakub/main_app.o
 .debug_macro   0x00028839       0x29 ./Core/Source_Jakub/main_app.o
 .debug_macro   0x00028862       0x43 ./Core/Source_Jakub/main_app.o
 .debug_macro   0x000288a5       0x34 ./Core/Source_Jakub/main_app.o
 .debug_macro   0x000288d9       0x16 ./Core/Source_Jakub/main_app.o
 .debug_macro   0x000288ef       0x43 ./Core/Source_Jakub/main_app.o
 .debug_macro   0x00028932       0x34 ./Core/Source_Jakub/main_app.o
 .debug_macro   0x00028966       0x10 ./Core/Source_Jakub/main_app.o
 .debug_macro   0x00028976       0x58 ./Core/Source_Jakub/main_app.o
 .debug_macro   0x000289ce       0x8e ./Core/Source_Jakub/main_app.o
 .debug_macro   0x00028a5c       0x1c ./Core/Source_Jakub/main_app.o
 .debug_macro   0x00028a78      0x177 ./Core/Source_Jakub/main_app.o
 .debug_macro   0x00028bef      0x369 ./Core/Source_Jakub/main_app.o
 .debug_macro   0x00028f58      0x19b ./Core/Source_Jakub/main_app.o
 .debug_macro   0x000290f3       0x5d ./Core/Source_Jakub/main_app.o
 .debug_macro   0x00029150     0x2462 ./Core/Source_Jakub/main_app.o
 .debug_macro   0x0002b5b2     0x1079 ./Core/Source_Jakub/main_app.o
 .debug_macro   0x0002c62b      0x154 ./Core/Source_Jakub/main_app.o
 .debug_macro   0x0002c77f      0x114 ./Core/Source_Jakub/main_app.o
 .debug_macro   0x0002c893      0x3fc ./Core/Source_Jakub/main_app.o
 .debug_macro   0x0002cc8f       0xac ./Core/Source_Jakub/main_app.o
 .debug_macro   0x0002cd3b      0x788 ./Core/Source_Jakub/main_app.o
 .debug_macro   0x0002d4c3      0x228 ./Core/Source_Jakub/main_app.o
 .debug_macro   0x0002d6eb       0x66 ./Core/Source_Jakub/main_app.o
 .debug_macro   0x0002d751      0x3a6 ./Core/Source_Jakub/main_app.o
 .debug_macro   0x0002daf7      0xa80 ./Core/Source_Jakub/main_app.o
 .debug_macro   0x0002e577      0x129 ./Core/Source_Jakub/main_app.o
 .debug_macro   0x0002e6a0      0x3f9 ./Core/Source_Jakub/main_app.o
 .debug_macro   0x0002ea99      0x275 ./Core/Source_Jakub/main_app.o
 .debug_macro   0x0002ed0e      0x3ca ./Core/Source_Jakub/main_app.o
 .debug_macro   0x0002f0d8      0x45c ./Core/Source_Jakub/main_app.o
 .debug_macro   0x0002f534       0x3c ./Core/Source_Jakub/main_app.o
 .debug_macro   0x0002f570       0x4a ./Core/Source_Jakub/main_app.o
 .debug_macro   0x0002f5ba      0x22c ./Core/Source_Jakub/main_app.o
 .debug_macro   0x0002f7e6       0x67 ./Core/Source_Jakub/main_app.o
 .debug_macro   0x0002f84d       0xa5 ./Core/Source_Jakub/main_app.o
 .debug_macro   0x0002f8f2      0x1c4 ./Core/Source_Jakub/main_app.o
 .debug_macro   0x0002fab6      0x22a ./Core/Source_Jakub/main_app.o
 .debug_macro   0x0002fce0       0x35 ./Core/Source_Jakub/main_app.o
 .debug_macro   0x0002fd15      0xb24 ./Core/Source_Jakub/main_app.o
 .debug_macro   0x00030839      0x29f ./Core/Source_Jakub/main_app.o
 .debug_macro   0x00030ad8      0x693 ./Core/Source_Jakub/main_app.o
 .debug_macro   0x0003116b       0xa6 ./Core/Source_Jakub/main_app.o
 .debug_macro   0x00031211      0x5e6 ./Core/Source_Jakub/main_app.o
 .debug_macro   0x000317f7      0x130 ./Core/Source_Jakub/main_app.o
 .debug_macro   0x00031927       0x16 ./Core/Source_Jakub/main_app.o
 .debug_macro   0x0003193d       0x35 ./Core/Source_Jakub/main_app.o
 .debug_macro   0x00031972       0x20 ./Core/Source_Jakub/main_app.o
 .debug_macro   0x00031992      0x313 ./Core/Source_Jakub/printMsg.o
 .debug_macro   0x00031ca5      0x3a1 ./Core/Source_Jakub/printMsgTask.o
 .debug_macro   0x00032046      0x305 ./Core/Src/eth.o
 .debug_macro   0x0003234b      0x355 ./Core/Src/freertos.o
 .debug_macro   0x000326a0       0x6c ./Core/Src/freertos.o
 .debug_macro   0x0003270c       0x74 ./Core/Src/freertos.o
 .debug_macro   0x00032780       0xdd ./Core/Src/freertos.o
 .debug_macro   0x0003285d      0x2d5 ./Core/Src/gpio.o
 .debug_macro   0x00032b32      0x3f1 ./Core/Src/main.o
 .debug_macro   0x00032f23      0x169 ./Core/Src/main.o
 .debug_macro   0x0003308c       0x66 ./Core/Src/main.o
 .debug_macro   0x000330f2      0x2cb ./Core/Src/stm32h7xx_hal_msp.o
 .debug_macro   0x000333bd      0x2bc ./Core/Src/stm32h7xx_hal_timebase_tim.o
 .debug_macro   0x00033679      0x2d5 ./Core/Src/stm32h7xx_it.o
 .debug_macro   0x0003394e      0x2bc ./Core/Src/system_stm32h7xx.o
 .debug_macro   0x00033c0a      0x305 ./Core/Src/usart.o
 .debug_macro   0x00033f0f      0x305 ./Core/Src/usb_otg.o
 .debug_macro   0x00034214      0x2e6 ./Drivers/STM32H7xx_HAL_Driver/Src/stm32h7xx_hal.o
 .debug_macro   0x000344fa      0x2bc ./Drivers/STM32H7xx_HAL_Driver/Src/stm32h7xx_hal_cortex.o
 .debug_macro   0x000347b6      0x350 ./Drivers/STM32H7xx_HAL_Driver/Src/stm32h7xx_hal_eth.o
 .debug_macro   0x00034b06      0x2c3 ./Drivers/STM32H7xx_HAL_Driver/Src/stm32h7xx_hal_gpio.o
 .debug_macro   0x00034dc9      0x2f5 ./Drivers/STM32H7xx_HAL_Driver/Src/stm32h7xx_hal_pwr_ex.o
 .debug_macro   0x000350be      0x2e0 ./Drivers/STM32H7xx_HAL_Driver/Src/stm32h7xx_hal_rcc.o
 .debug_macro   0x0003539e      0x2da ./Drivers/STM32H7xx_HAL_Driver/Src/stm32h7xx_hal_rcc_ex.o
 .debug_macro   0x00035678      0x2bd ./Drivers/STM32H7xx_HAL_Driver/Src/stm32h7xx_hal_tim.o
 .debug_macro   0x00035935      0x2c2 ./Drivers/STM32H7xx_HAL_Driver/Src/stm32h7xx_hal_tim_ex.o
 .debug_macro   0x00035bf7      0x2e7 ./Drivers/STM32H7xx_HAL_Driver/Src/stm32h7xx_hal_uart.o
 .debug_macro   0x00035ede      0x2c8 ./Drivers/STM32H7xx_HAL_Driver/Src/stm32h7xx_hal_uart_ex.o
 .debug_macro   0x000361a6      0x41b ./Middlewares/Third_Party/FreeRTOS/Source/CMSIS_RTOS_V2/cmsis_os2.o
 .debug_macro   0x000365c1       0x10 ./Middlewares/Third_Party/FreeRTOS/Source/CMSIS_RTOS_V2/cmsis_os2.o
 .debug_macro   0x000365d1       0x10 ./Middlewares/Third_Party/FreeRTOS/Source/CMSIS_RTOS_V2/cmsis_os2.o
 .debug_macro   0x000365e1       0xf5 ./Middlewares/Third_Party/FreeRTOS/Source/CMSIS_RTOS_V2/cmsis_os2.o
 .debug_macro   0x000366d6       0x9a ./Middlewares/Third_Party/FreeRTOS/Source/CMSIS_RTOS_V2/cmsis_os2.o
 .debug_macro   0x00036770       0x22 ./Middlewares/Third_Party/FreeRTOS/Source/CMSIS_RTOS_V2/cmsis_os2.o
 .debug_macro   0x00036792      0x187 ./Middlewares/Third_Party/FreeRTOS/Source/list.o
 .debug_macro   0x00036919      0x216 ./Middlewares/Third_Party/FreeRTOS/Source/queue.o
 .debug_macro   0x00036b2f       0x87 ./Middlewares/Third_Party/FreeRTOS/Source/queue.o
 .debug_macro   0x00036bb6      0x27f ./Middlewares/Third_Party/FreeRTOS/Source/tasks.o
 .debug_macro   0x00036e35       0x10 ./Middlewares/Third_Party/FreeRTOS/Source/tasks.o
 .debug_macro   0x00036e45      0x1dc ./Middlewares/Third_Party/FreeRTOS/Source/timers.o
 .debug_macro   0x00037021       0x97 ./Middlewares/Third_Party/FreeRTOS/Source/timers.o
 .debug_macro   0x000370b8      0x196 ./Middlewares/Third_Party/FreeRTOS/Source/portable/GCC/ARM_CM4F/port.o
 .debug_macro   0x0003724e      0x1ae ./Middlewares/Third_Party/FreeRTOS/Source/portable/MemMang/heap_4.o

.debug_line     0x00000000    0x23d8f
 .debug_line    0x00000000      0xae8 ./Core/Source_Jakub/main_app.o
 .debug_line    0x00000ae8      0x9b0 ./Core/Source_Jakub/printMsg.o
 .debug_line    0x00001498      0xaed ./Core/Source_Jakub/printMsgTask.o
 .debug_line    0x00001f85      0x9f6 ./Core/Src/eth.o
 .debug_line    0x0000297b      0xa85 ./Core/Src/freertos.o
 .debug_line    0x00003400      0x972 ./Core/Src/gpio.o
 .debug_line    0x00003d72      0xc0e ./Core/Src/main.o
 .debug_line    0x00004980      0x915 ./Core/Src/stm32h7xx_hal_msp.o
 .debug_line    0x00005295      0x98b ./Core/Src/stm32h7xx_hal_timebase_tim.o
 .debug_line    0x00005c20      0x9b2 ./Core/Src/stm32h7xx_it.o
 .debug_line    0x000065d2      0xac6 ./Core/Src/system_stm32h7xx.o
 .debug_line    0x00007098      0x9e8 ./Core/Src/usart.o
 .debug_line    0x00007a80      0x946 ./Core/Src/usb_otg.o
 .debug_line    0x000083c6       0x7a ./Core/Startup/startup_stm32h723zgtx.o
 .debug_line    0x00008440      0xf57 ./Drivers/STM32H7xx_HAL_Driver/Src/stm32h7xx_hal.o
 .debug_line    0x00009397      0xef5 ./Drivers/STM32H7xx_HAL_Driver/Src/stm32h7xx_hal_cortex.o
 .debug_line    0x0000a28c     0x1c5f ./Drivers/STM32H7xx_HAL_Driver/Src/stm32h7xx_hal_eth.o
 .debug_line    0x0000beeb      0xd8a ./Drivers/STM32H7xx_HAL_Driver/Src/stm32h7xx_hal_gpio.o
 .debug_line    0x0000cc75      0xf44 ./Drivers/STM32H7xx_HAL_Driver/Src/stm32h7xx_hal_pwr_ex.o
 .debug_line    0x0000dbb9     0x13ed ./Drivers/STM32H7xx_HAL_Driver/Src/stm32h7xx_hal_rcc.o
 .debug_line    0x0000efa6     0x1cbc ./Drivers/STM32H7xx_HAL_Driver/Src/stm32h7xx_hal_rcc_ex.o
 .debug_line    0x00010c62     0x40e8 ./Drivers/STM32H7xx_HAL_Driver/Src/stm32h7xx_hal_tim.o
 .debug_line    0x00014d4a     0x1fba ./Drivers/STM32H7xx_HAL_Driver/Src/stm32h7xx_hal_tim_ex.o
 .debug_line    0x00016d04     0x3fb3 ./Drivers/STM32H7xx_HAL_Driver/Src/stm32h7xx_hal_uart.o
 .debug_line    0x0001acb7      0xf64 ./Drivers/STM32H7xx_HAL_Driver/Src/stm32h7xx_hal_uart_ex.o
 .debug_line    0x0001bc1b     0x2434 ./Middlewares/Third_Party/FreeRTOS/Source/CMSIS_RTOS_V2/cmsis_os2.o
 .debug_line    0x0001e04f      0x796 ./Middlewares/Third_Party/FreeRTOS/Source/list.o
 .debug_line    0x0001e7e5     0x1760 ./Middlewares/Third_Party/FreeRTOS/Source/queue.o
 .debug_line    0x0001ff45     0x1e32 ./Middlewares/Third_Party/FreeRTOS/Source/tasks.o
 .debug_line    0x00021d77      0xe1e ./Middlewares/Third_Party/FreeRTOS/Source/timers.o
 .debug_line    0x00022b95      0x839 ./Middlewares/Third_Party/FreeRTOS/Source/portable/GCC/ARM_CM4F/port.o
 .debug_line    0x000233ce      0x9c1 ./Middlewares/Third_Party/FreeRTOS/Source/portable/MemMang/heap_4.o

.debug_str      0x00000000   0x15c35c
 .debug_str     0x00000000   0x14f19d ./Core/Source_Jakub/main_app.o
                             0x14f612 (size before relaxing)
 .debug_str     0x0014f19d      0x59d ./Core/Source_Jakub/printMsg.o
                             0x14ae12 (size before relaxing)
 .debug_str     0x0014f73a       0x54 ./Core/Source_Jakub/printMsgTask.o
                             0x14f5cf (size before relaxing)
 .debug_str     0x0014f78e      0xc6a ./Core/Src/eth.o
                             0x14b53a (size before relaxing)
 .debug_str     0x001503f8     0x10c1 ./Core/Src/freertos.o
                             0x14f5d3 (size before relaxing)
 .debug_str     0x001514b9       0x68 ./Core/Src/gpio.o
                             0x14aa60 (size before relaxing)
 .debug_str     0x00151521      0x577 ./Core/Src/main.o
                             0x150b14 (size before relaxing)
 .debug_str     0x00151a98      0x79b ./Core/Src/stm32h7xx_hal_msp.o
                             0x14b180 (size before relaxing)
 .debug_str     0x00152233      0x11a ./Core/Src/stm32h7xx_hal_timebase_tim.o
                             0x14b462 (size before relaxing)
 .debug_str     0x0015234d       0xb9 ./Core/Src/stm32h7xx_it.o
                             0x14ae2a (size before relaxing)
 .debug_str     0x00152406      0x29a ./Core/Src/system_stm32h7xx.o
                             0x14a734 (size before relaxing)
 .debug_str     0x001526a0      0x39f ./Core/Src/usart.o
                             0x14b464 (size before relaxing)
 .debug_str     0x00152a3f       0x16 ./Core/Src/usb_otg.o
                             0x14a7db (size before relaxing)
 .debug_str     0x00152a55       0x44 ./Core/Startup/startup_stm32h723zgtx.o
                                 0x83 (size before relaxing)